
Note: Compatibility modes selected: hs a


Circuit: * entry 122 cml master/slave; external differential clock, no feedback dac

option SCALE: Scale is set to 1e-06 for instance and model parameters
Doing analysis at TEMP = 125.000000 and TNOM = 27.000000


Initial Transient Solution
--------------------------

Node                                   Voltage
----                                   -------
vdd                                        1.8
clk                                        0.6
clkb                                       1.2
inp                                    1.28222
inn                                    1.33222
mn                                     1.70388
ma                                    0.351916
mp                                     1.66526
mb                                     1.12095
mtail                                 0.178003
nbias                                 0.948719
qb                                     1.67369
sa                                     1.14874
q                                       1.6736
sb                                    0.651652
stail                                 0.206594
xr_mp.rb                               1.74937
xr_mn.rb                               1.76388
xr_q.rb                                 1.7525
xr_qb.rb                               1.75254
xr_nbias.rb                            1.77436
vinn#branch                                  0
vinp#branch                                  0
vclkb#branch                                 0
vclk#branch                                  0
vdd#branch                        -0.000648638

 Reference value :  8.74500e-10
 Reference value :  4.80850e-09

No. of Data Rows : 8154
ngspice-41 done

Warning: Model issue on line 0 :
  .model xr_mp:rhead_model r sw_et=0 isnoisy=0 rsh=    3.458312000000000e+ ...
unrecognized parameter (sw_et) - ignored
unrecognized parameter (isnoisy) - ignored
unrecognized parameter (p2) - ignored
unrecognized parameter (q2) - ignored

Warning: Model issue on line 0 :
  .model xr_mp:rbody_model r sw_et=0 isnoisy=0 rsh=    3.173885000000000e+ ...
unrecognized parameter (sw_et) - ignored
unrecognized parameter (isnoisy) - ignored
unrecognized parameter (p2) - ignored
unrecognized parameter (q2) - ignored
unrecognized parameter (p3) - ignored
unrecognized parameter (q3) - ignored

Warning: Model issue on line 0 :
  .model xr_mn:rhead_model r sw_et=0 isnoisy=0 rsh=    3.458312000000000e+ ...
unrecognized parameter (sw_et) - ignored
unrecognized parameter (isnoisy) - ignored
unrecognized parameter (p2) - ignored
unrecognized parameter (q2) - ignored

Warning: Model issue on line 0 :
  .model xr_mn:rbody_model r sw_et=0 isnoisy=0 rsh=    3.173885000000000e+ ...
unrecognized parameter (sw_et) - ignored
unrecognized parameter (isnoisy) - ignored
unrecognized parameter (p2) - ignored
unrecognized parameter (q2) - ignored
unrecognized parameter (p3) - ignored
unrecognized parameter (q3) - ignored

Warning: Model issue on line 0 :
  .model xr_q:rhead_model r sw_et=0 isnoisy=0 rsh=    3.458312000000000e+0 ...
unrecognized parameter (sw_et) - ignored
unrecognized parameter (isnoisy) - ignored
unrecognized parameter (p2) - ignored
unrecognized parameter (q2) - ignored

Warning: Model issue on line 0 :
  .model xr_q:rbody_model r sw_et=0 isnoisy=0 rsh=    3.173885000000000e+0 ...
unrecognized parameter (sw_et) - ignored
unrecognized parameter (isnoisy) - ignored
unrecognized parameter (p2) - ignored
unrecognized parameter (q2) - ignored
unrecognized parameter (p3) - ignored
unrecognized parameter (q3) - ignored

Warning: Model issue on line 0 :
  .model xr_qb:rhead_model r sw_et=0 isnoisy=0 rsh=    3.458312000000000e+ ...
unrecognized parameter (sw_et) - ignored
unrecognized parameter (isnoisy) - ignored
unrecognized parameter (p2) - ignored
unrecognized parameter (q2) - ignored

Warning: Model issue on line 0 :
  .model xr_qb:rbody_model r sw_et=0 isnoisy=0 rsh=    3.173885000000000e+ ...
unrecognized parameter (sw_et) - ignored
unrecognized parameter (isnoisy) - ignored
unrecognized parameter (p2) - ignored
unrecognized parameter (q2) - ignored
unrecognized parameter (p3) - ignored
unrecognized parameter (q3) - ignored

Warning: Model issue on line 0 :
  .model xr_nbias:rhead_model r sw_et=0 isnoisy=0 rsh=    3.45831200000000 ...
unrecognized parameter (sw_et) - ignored
unrecognized parameter (isnoisy) - ignored
unrecognized parameter (p2) - ignored
unrecognized parameter (q2) - ignored

Warning: Model issue on line 0 :
  .model xr_nbias:rbody_model r sw_et=0 isnoisy=0 rsh=    3.17388500000000 ...
unrecognized parameter (sw_et) - ignored
unrecognized parameter (isnoisy) - ignored
unrecognized parameter (p2) - ignored
unrecognized parameter (q2) - ignored
unrecognized parameter (p3) - ignored
unrecognized parameter (q3) - ignored

