Warning: m=xx on .subckt line will override multiplier m hierarchy!


Note: Compatibility modes selected: hs a


Circuit: * nebula sky130 sizing point (auto-generated; do not edit by hand)

option SCALE: Scale is set to 1e-06 for instance and model parameters
Warning: Model issue on line 0 :
  .model xatt_sp:rhead_model r sw_et=0 isnoisy=0 rsh=    3.458312000000000 ...
unrecognized parameter (sw_et) - ignored
unrecognized parameter (isnoisy) - ignored
unrecognized parameter (p2) - ignored
unrecognized parameter (q2) - ignored

Warning: Model issue on line 0 :
  .model xatt_sp:rbody_model r sw_et=0 isnoisy=0 rsh=    3.173885000000000 ...
unrecognized parameter (sw_et) - ignored
unrecognized parameter (isnoisy) - ignored
unrecognized parameter (p2) - ignored
unrecognized parameter (q2) - ignored
unrecognized parameter (p3) - ignored
unrecognized parameter (q3) - ignored

Warning: Model issue on line 0 :
  .model xatt_sn:rhead_model r sw_et=0 isnoisy=0 rsh=    3.458312000000000 ...
unrecognized parameter (sw_et) - ignored
unrecognized parameter (isnoisy) - ignored
unrecognized parameter (p2) - ignored
unrecognized parameter (q2) - ignored

Warning: Model issue on line 0 :
  .model xatt_sn:rbody_model r sw_et=0 isnoisy=0 rsh=    3.173885000000000 ...
unrecognized parameter (sw_et) - ignored
unrecognized parameter (isnoisy) - ignored
unrecognized parameter (p2) - ignored
unrecognized parameter (q2) - ignored
unrecognized parameter (p3) - ignored
unrecognized parameter (q3) - ignored

Warning: Model issue on line 0 :
  .model xatt_rp0:rhead_model r sw_et=0 isnoisy=0 rsh=    3.45831200000000 ...
unrecognized parameter (sw_et) - ignored
unrecognized parameter (isnoisy) - ignored
unrecognized parameter (p2) - ignored
unrecognized parameter (q2) - ignored

Warning: Model issue on line 0 :
  .model xatt_rp0:rbody_model r sw_et=0 isnoisy=0 rsh=    3.17388500000000 ...
unrecognized parameter (sw_et) - ignored
unrecognized parameter (isnoisy) - ignored
unrecognized parameter (p2) - ignored
unrecognized parameter (q2) - ignored
unrecognized parameter (p3) - ignored
unrecognized parameter (q3) - ignored

Warning: Model issue on line 0 :
  .model xatt_rn0:rhead_model r sw_et=0 isnoisy=0 rsh=    3.45831200000000 ...
unrecognized parameter (sw_et) - ignored
unrecognized parameter (isnoisy) - ignored
unrecognized parameter (p2) - ignored
unrecognized parameter (q2) - ignored

Warning: Model issue on line 0 :
  .model xatt_rn0:rbody_model r sw_et=0 isnoisy=0 rsh=    3.17388500000000 ...
unrecognized parameter (sw_et) - ignored
unrecognized parameter (isnoisy) - ignored
unrecognized parameter (p2) - ignored
unrecognized parameter (q2) - ignored
unrecognized parameter (p3) - ignored
unrecognized parameter (q3) - ignored

Warning: Model issue on line 0 :
  .model xatt_rp1:rhead_model r sw_et=0 isnoisy=0 rsh=    3.45831200000000 ...
unrecognized parameter (sw_et) - ignored
unrecognized parameter (isnoisy) - ignored
unrecognized parameter (p2) - ignored
unrecognized parameter (q2) - ignored

Warning: Model issue on line 0 :
  .model xatt_rp1:rbody_model r sw_et=0 isnoisy=0 rsh=    3.17388500000000 ...
unrecognized parameter (sw_et) - ignored
unrecognized parameter (isnoisy) - ignored
unrecognized parameter (p2) - ignored
unrecognized parameter (q2) - ignored
unrecognized parameter (p3) - ignored
unrecognized parameter (q3) - ignored

Warning: Model issue on line 0 :
  .model xatt_rn1:rhead_model r sw_et=0 isnoisy=0 rsh=    3.45831200000000 ...
unrecognized parameter (sw_et) - ignored
unrecognized parameter (isnoisy) - ignored
unrecognized parameter (p2) - ignored
unrecognized parameter (q2) - ignored

Warning: Model issue on line 0 :
  .model xatt_rn1:rbody_model r sw_et=0 isnoisy=0 rsh=    3.17388500000000 ...
unrecognized parameter (sw_et) - ignored
unrecognized parameter (isnoisy) - ignored
unrecognized parameter (p2) - ignored
unrecognized parameter (q2) - ignored
unrecognized parameter (p3) - ignored
unrecognized parameter (q3) - ignored

Warning: Model issue on line 0 :
  .model xatt_rp2:rhead_model r sw_et=0 isnoisy=0 rsh=    3.45831200000000 ...
unrecognized parameter (sw_et) - ignored
unrecognized parameter (isnoisy) - ignored
unrecognized parameter (p2) - ignored
unrecognized parameter (q2) - ignored

Warning: Model issue on line 0 :
  .model xatt_rp2:rbody_model r sw_et=0 isnoisy=0 rsh=    3.17388500000000 ...
unrecognized parameter (sw_et) - ignored
unrecognized parameter (isnoisy) - ignored
unrecognized parameter (p2) - ignored
unrecognized parameter (q2) - ignored
unrecognized parameter (p3) - ignored
unrecognized parameter (q3) - ignored

Warning: Model issue on line 0 :
  .model xatt_rn2:rhead_model r sw_et=0 isnoisy=0 rsh=    3.45831200000000 ...
unrecognized parameter (sw_et) - ignored
unrecognized parameter (isnoisy) - ignored
unrecognized parameter (p2) - ignored
unrecognized parameter (q2) - ignored

Warning: Model issue on line 0 :
  .model xatt_rn2:rbody_model r sw_et=0 isnoisy=0 rsh=    3.17388500000000 ...
unrecognized parameter (sw_et) - ignored
unrecognized parameter (isnoisy) - ignored
unrecognized parameter (p2) - ignored
unrecognized parameter (q2) - ignored
unrecognized parameter (p3) - ignored
unrecognized parameter (q3) - ignored

Warning: Model issue on line 0 :
  .model xrlp:rhead_model r sw_et=0 isnoisy=0 rsh=    3.458312000000000e+0 ...
unrecognized parameter (sw_et) - ignored
unrecognized parameter (isnoisy) - ignored
unrecognized parameter (p2) - ignored
unrecognized parameter (q2) - ignored

Warning: Model issue on line 0 :
  .model xrlp:rbody_model r sw_et=0 isnoisy=0 rsh=    3.173885000000000e+0 ...
unrecognized parameter (sw_et) - ignored
unrecognized parameter (isnoisy) - ignored
unrecognized parameter (p2) - ignored
unrecognized parameter (q2) - ignored
unrecognized parameter (p3) - ignored
unrecognized parameter (q3) - ignored

Warning: Model issue on line 0 :
  .model xrln:rhead_model r sw_et=0 isnoisy=0 rsh=    3.458312000000000e+0 ...
unrecognized parameter (sw_et) - ignored
unrecognized parameter (isnoisy) - ignored
unrecognized parameter (p2) - ignored
unrecognized parameter (q2) - ignored

Warning: Model issue on line 0 :
  .model xrln:rbody_model r sw_et=0 isnoisy=0 rsh=    3.173885000000000e+0 ...
unrecognized parameter (sw_et) - ignored
unrecognized parameter (isnoisy) - ignored
unrecognized parameter (p2) - ignored
unrecognized parameter (q2) - ignored
unrecognized parameter (p3) - ignored
unrecognized parameter (q3) - ignored

Warning: Model issue on line 0 :
  .model xrbias:rhead_model r sw_et=0 isnoisy=0 rsh=    3.458312000000000e ...
unrecognized parameter (sw_et) - ignored
unrecognized parameter (isnoisy) - ignored
unrecognized parameter (p2) - ignored
unrecognized parameter (q2) - ignored

Warning: Model issue on line 0 :
  .model xrbias:rbody_model r sw_et=0 isnoisy=0 rsh=    3.173885000000000e ...
unrecognized parameter (sw_et) - ignored
unrecognized parameter (isnoisy) - ignored
unrecognized parameter (p2) - ignored
unrecognized parameter (q2) - ignored
unrecognized parameter (p3) - ignored
unrecognized parameter (q3) - ignored

Warning: Model issue on line 0 :
  .model xdf_r_mp:rhead_model r sw_et=0 isnoisy=0 rsh=    3.45831200000000 ...
unrecognized parameter (sw_et) - ignored
unrecognized parameter (isnoisy) - ignored
unrecognized parameter (p2) - ignored
unrecognized parameter (q2) - ignored

Warning: Model issue on line 0 :
  .model xdf_r_mp:rbody_model r sw_et=0 isnoisy=0 rsh=    3.17388500000000 ...
unrecognized parameter (sw_et) - ignored
unrecognized parameter (isnoisy) - ignored
unrecognized parameter (p2) - ignored
unrecognized parameter (q2) - ignored
unrecognized parameter (p3) - ignored
unrecognized parameter (q3) - ignored

Warning: Model issue on line 0 :
  .model xdf_r_mn:rhead_model r sw_et=0 isnoisy=0 rsh=    3.45831200000000 ...
unrecognized parameter (sw_et) - ignored
unrecognized parameter (isnoisy) - ignored
unrecognized parameter (p2) - ignored
unrecognized parameter (q2) - ignored

Warning: Model issue on line 0 :
  .model xdf_r_mn:rbody_model r sw_et=0 isnoisy=0 rsh=    3.17388500000000 ...
unrecognized parameter (sw_et) - ignored
unrecognized parameter (isnoisy) - ignored
unrecognized parameter (p2) - ignored
unrecognized parameter (q2) - ignored
unrecognized parameter (p3) - ignored
unrecognized parameter (q3) - ignored

Warning: Model issue on line 0 :
  .model xdf_r_q:rhead_model r sw_et=0 isnoisy=0 rsh=    3.458312000000000 ...
unrecognized parameter (sw_et) - ignored
unrecognized parameter (isnoisy) - ignored
unrecognized parameter (p2) - ignored
unrecognized parameter (q2) - ignored

Warning: Model issue on line 0 :
  .model xdf_r_q:rbody_model r sw_et=0 isnoisy=0 rsh=    3.173885000000000 ...
unrecognized parameter (sw_et) - ignored
unrecognized parameter (isnoisy) - ignored
unrecognized parameter (p2) - ignored
unrecognized parameter (q2) - ignored
unrecognized parameter (p3) - ignored
unrecognized parameter (q3) - ignored

Warning: Model issue on line 0 :
  .model xdf_r_qb:rhead_model r sw_et=0 isnoisy=0 rsh=    3.45831200000000 ...
unrecognized parameter (sw_et) - ignored
unrecognized parameter (isnoisy) - ignored
unrecognized parameter (p2) - ignored
unrecognized parameter (q2) - ignored

Warning: Model issue on line 0 :
  .model xdf_r_qb:rbody_model r sw_et=0 isnoisy=0 rsh=    3.17388500000000 ...
unrecognized parameter (sw_et) - ignored
unrecognized parameter (isnoisy) - ignored
unrecognized parameter (p2) - ignored
unrecognized parameter (q2) - ignored
unrecognized parameter (p3) - ignored
unrecognized parameter (q3) - ignored

Warning: Model issue on line 0 :
  .model xdf_r_nbias:rhead_model r sw_et=0 isnoisy=0 rsh=    3.45831200000 ...
unrecognized parameter (sw_et) - ignored
unrecognized parameter (isnoisy) - ignored
unrecognized parameter (p2) - ignored
unrecognized parameter (q2) - ignored

Warning: Model issue on line 0 :
  .model xdf_r_nbias:rbody_model r sw_et=0 isnoisy=0 rsh=    3.17388500000 ...
unrecognized parameter (sw_et) - ignored
unrecognized parameter (isnoisy) - ignored
unrecognized parameter (p2) - ignored
unrecognized parameter (q2) - ignored
unrecognized parameter (p3) - ignored
unrecognized parameter (q3) - ignored

Warning: Model issue on line 0 :
  .model xdfe_rsum_p:rhead_model r sw_et=0 isnoisy=0 rsh=    3.45831200000 ...
unrecognized parameter (sw_et) - ignored
unrecognized parameter (isnoisy) - ignored
unrecognized parameter (p2) - ignored
unrecognized parameter (q2) - ignored

Warning: Model issue on line 0 :
  .model xdfe_rsum_p:rbody_model r sw_et=0 isnoisy=0 rsh=    3.17388500000 ...
unrecognized parameter (sw_et) - ignored
unrecognized parameter (isnoisy) - ignored
unrecognized parameter (p2) - ignored
unrecognized parameter (q2) - ignored
unrecognized parameter (p3) - ignored
unrecognized parameter (q3) - ignored

Warning: Model issue on line 0 :
  .model xdfe_rsum_n:rhead_model r sw_et=0 isnoisy=0 rsh=    3.45831200000 ...
unrecognized parameter (sw_et) - ignored
unrecognized parameter (isnoisy) - ignored
unrecognized parameter (p2) - ignored
unrecognized parameter (q2) - ignored

Warning: Model issue on line 0 :
  .model xdfe_rsum_n:rbody_model r sw_et=0 isnoisy=0 rsh=    3.17388500000 ...
unrecognized parameter (sw_et) - ignored
unrecognized parameter (isnoisy) - ignored
unrecognized parameter (p2) - ignored
unrecognized parameter (q2) - ignored
unrecognized parameter (p3) - ignored
unrecognized parameter (q3) - ignored

Warning: Model issue on line 0 :
  .model xrc_rmax:rhead_model r sw_et=0 isnoisy=0 rsh=    3.45831200000000 ...
unrecognized parameter (sw_et) - ignored
unrecognized parameter (isnoisy) - ignored
unrecognized parameter (p2) - ignored
unrecognized parameter (q2) - ignored

Warning: Model issue on line 0 :
  .model xrc_rmax:rbody_model r sw_et=0 isnoisy=0 rsh=    3.17388500000000 ...
unrecognized parameter (sw_et) - ignored
unrecognized parameter (isnoisy) - ignored
unrecognized parameter (p2) - ignored
unrecognized parameter (q2) - ignored
unrecognized parameter (p3) - ignored
unrecognized parameter (q3) - ignored

Warning: Model issue on line 0 :
  .model xrc_branch:rhead_model r sw_et=0 isnoisy=0 rsh=    3.458312000000 ...
unrecognized parameter (sw_et) - ignored
unrecognized parameter (isnoisy) - ignored
unrecognized parameter (p2) - ignored
unrecognized parameter (q2) - ignored

Warning: Model issue on line 0 :
  .model xrc_branch:rbody_model r sw_et=0 isnoisy=0 rsh=    3.173885000000 ...
unrecognized parameter (sw_et) - ignored
unrecognized parameter (isnoisy) - ignored
unrecognized parameter (p2) - ignored
unrecognized parameter (q2) - ignored
unrecognized parameter (p3) - ignored
unrecognized parameter (q3) - ignored

Warning: Model issue on line 0 :
  .model xrc_rfeed:rhead_model r sw_et=0 isnoisy=0 rsh=    3.4583120000000 ...
unrecognized parameter (sw_et) - ignored
unrecognized parameter (isnoisy) - ignored
unrecognized parameter (p2) - ignored
unrecognized parameter (q2) - ignored

Warning: Model issue on line 0 :
  .model xrc_rfeed:rbody_model r sw_et=0 isnoisy=0 rsh=    3.1738850000000 ...
unrecognized parameter (sw_et) - ignored
unrecognized parameter (isnoisy) - ignored
unrecognized parameter (p2) - ignored
unrecognized parameter (q2) - ignored
unrecognized parameter (p3) - ignored
unrecognized parameter (q3) - ignored

Warning: Model issue on line 0 :
  .model xrc_cfeed:rhead_model r sw_et=0 isnoisy=0 rsh=    3.4583120000000 ...
unrecognized parameter (sw_et) - ignored
unrecognized parameter (isnoisy) - ignored
unrecognized parameter (p2) - ignored
unrecognized parameter (q2) - ignored

Warning: Model issue on line 0 :
  .model xrc_cfeed:rbody_model r sw_et=0 isnoisy=0 rsh=    3.1738850000000 ...
unrecognized parameter (sw_et) - ignored
unrecognized parameter (isnoisy) - ignored
unrecognized parameter (p2) - ignored
unrecognized parameter (q2) - ignored
unrecognized parameter (p3) - ignored
unrecognized parameter (q3) - ignored

Note: Starting dynamic gmin stepping
Trying gmin =   1.0000E-03 Note: One successful gmin step
Trying gmin =   1.0000E-04 Note: One successful gmin step
Trying gmin =   1.0000E-05 Note: One successful gmin step
Trying gmin =   1.0000E-06 Note: One successful gmin step
Trying gmin =   1.0000E-07 Note: One successful gmin step
Trying gmin =   1.0000E-08 Note: One successful gmin step
Trying gmin =   1.0000E-09 Note: One successful gmin step
Trying gmin =   1.0000E-10 Note: One successful gmin step
Trying gmin =   1.0000E-11 Note: One successful gmin step
Trying gmin =   1.0000E-12 Note: One successful gmin step
Trying gmin =   1.0000E-12 Note: One successful gmin step
Note: Dynamic gmin stepping completed
Doing analysis at TEMP = 27.000000 and TNOM = 27.000000

 Reference value :  0.00000e+00Note: Starting dynamic gmin stepping
Trying gmin =   1.0000E-03 Note: One successful gmin step
Trying gmin =   1.0000E-04 Note: One successful gmin step
Trying gmin =   1.0000E-05 Note: One successful gmin step
Trying gmin =   1.0000E-06 Note: One successful gmin step
Trying gmin =   1.0000E-07 Note: One successful gmin step
Trying gmin =   1.0000E-08 Note: One successful gmin step
Trying gmin =   1.0000E-09 Note: One successful gmin step
Trying gmin =   1.0000E-10 Note: One successful gmin step
Trying gmin =   1.0000E-11 Note: One successful gmin step
Trying gmin =   1.0000E-12 Note: One successful gmin step
Trying gmin =   1.0000E-12 Note: One successful gmin step
Note: Dynamic gmin stepping completed

No. of Data Rows : 1
Doing analysis at TEMP = 27.000000 and TNOM = 27.000000


No. of Data Rows : 251
Doing analysis at TEMP = 27.000000 and TNOM = 27.000000

Warning: Source conductance reset to 1.0e3 mho.
Warning: Drain conductance reset to 1.0e3 mho.
Warning: Source conductance reset to 1.0e3 mho.
Warning: Drain conductance reset to 1.0e3 mho.
Warning: Source conductance reset to 1.0e3 mho.
Warning: Drain conductance reset to 1.0e3 mho.
Warning: Source conductance reset to 1.0e3 mho.
Warning: Drain conductance reset to 1.0e3 mho.
Warning: Source conductance reset to 1.0e3 mho.
Warning: Drain conductance reset to 1.0e3 mho.
Warning: Source conductance reset to 1.0e3 mho.
Warning: Drain conductance reset to 1.0e3 mho.
Warning: Source conductance reset to 1.0e3 mho.
Warning: Drain conductance reset to 1.0e3 mho.
Warning: Source conductance reset to 1.0e3 mho.
Warning: Drain conductance reset to 1.0e3 mho.
Warning: Source conductance reset to 1.0e3 mho.
Warning: Drain conductance reset to 1.0e3 mho.
Warning: Source conductance reset to 1.0e3 mho.
Warning: Drain conductance reset to 1.0e3 mho.
Warning: Source conductance reset to 1.0e3 mho.
Warning: Drain conductance reset to 1.0e3 mho.
Warning: Source conductance reset to 1.0e3 mho.
Warning: Drain conductance reset to 1.0e3 mho.
Warning: Source conductance reset to 1.0e3 mho.
Warning: Drain conductance reset to 1.0e3 mho.
Warning: Source conductance reset to 1.0e3 mho.
Warning: Drain conductance reset to 1.0e3 mho.
Warning: Source conductance reset to 1.0e3 mho.
Warning: Drain conductance reset to 1.0e3 mho.
Warning: Source conductance reset to 1.0e3 mho.
Warning: Drain conductance reset to 1.0e3 mho.
Warning: Source conductance reset to 1.0e3 mho.
Warning: Drain conductance reset to 1.0e3 mho.
Warning: Source conductance reset to 1.0e3 mho.
Warning: Drain conductance reset to 1.0e3 mho.
Warning: Source conductance reset to 1.0e3 mho.
Warning: Drain conductance reset to 1.0e3 mho.
Warning: Source conductance reset to 1.0e3 mho.
Warning: Drain conductance reset to 1.0e3 mho.
Warning: Source conductance reset to 1.0e3 mho.
Warning: Drain conductance reset to 1.0e3 mho.
Warning: Source conductance reset to 1.0e3 mho.
Warning: Drain conductance reset to 1.0e3 mho.
Warning: Source conductance reset to 1.0e3 mho.
Warning: Drain conductance reset to 1.0e3 mho.
Warning: Source conductance reset to 1.0e3 mho.
Warning: Drain conductance reset to 1.0e3 mho.
Warning: Source conductance reset to 1.0e3 mho.
Warning: Drain conductance reset to 1.0e3 mho.
Warning: Source conductance reset to 1.0e3 mho.
Warning: Drain conductance reset to 1.0e3 mho.
Warning: Source conductance reset to 1.0e3 mho.
Warning: Drain conductance reset to 1.0e3 mho.
Warning: Source conductance reset to 1.0e3 mho.
Warning: Drain conductance reset to 1.0e3 mho.
Warning: Source conductance reset to 1.0e3 mho.
Warning: Drain conductance reset to 1.0e3 mho.
Warning: Source conductance reset to 1.0e3 mho.
Warning: Drain conductance reset to 1.0e3 mho.
Warning: Source conductance reset to 1.0e3 mho.
Warning: Drain conductance reset to 1.0e3 mho.
Warning: Source conductance reset to 1.0e3 mho.
Warning: Drain conductance reset to 1.0e3 mho.
Warning: Source conductance reset to 1.0e3 mho.
Warning: Drain conductance reset to 1.0e3 mho.
Warning: Source conductance reset to 1.0e3 mho.
Warning: Drain conductance reset to 1.0e3 mho.
Warning: Source conductance reset to 1.0e3 mho.
Warning: Drain conductance reset to 1.0e3 mho.
Warning: Source conductance reset to 1.0e3 mho.
Warning: Drain conductance reset to 1.0e3 mho.
Warning: Source conductance reset to 1.0e3 mho.
Warning: Drain conductance reset to 1.0e3 mho.
Warning: Source conductance reset to 1.0e3 mho.
Warning: Drain conductance reset to 1.0e3 mho.
Warning: Source conductance reset to 1.0e3 mho.
Warning: Drain conductance reset to 1.0e3 mho.
Warning: Source conductance reset to 1.0e3 mho.
Warning: Drain conductance reset to 1.0e3 mho.
Warning: Source conductance reset to 1.0e3 mho.
Warning: Drain conductance reset to 1.0e3 mho.
Warning: Source conductance reset to 1.0eNote: Starting dynamic gmin stepping
Trying gmin =   1.0000E-03 Note: One successful gmin step
Trying gmin =   1.0000E-04 Note: One successful gmin step
Trying gmin =   1.0000E-05 Note: One successful gmin step
Trying gmin =   1.0000E-06 Note: One successful gmin step
Trying gmin =   1.0000E-07 Note: One successful gmin step
Trying gmin =   1.0000E-08 Note: One successful gmin step
Trying gmin =   1.0000E-09 Warning: Further gmin increment
Trying gmin =   5.6234E-09 Note: One successful gmin step
Trying gmin =   2.3714E-09 Warning: Further gmin increment
Trying gmin =   4.5316E-09 Note: One successful gmin step
Trying gmin =   3.2781E-09 Note: One successful gmin step
Trying gmin =   2.3714E-09 Warning: Further gmin increment
Trying gmin =   3.0232E-09 Note: One successful gmin step
Trying gmin =   2.7881E-09 Note: One successful gmin step
Trying gmin =   2.5713E-09 Note: One successful gmin step
Trying gmin =   2.2773E-09 Note: One successful gmin step
Trying gmin =   1.8981E-09 Note: One successful gmin step
Trying gmin =   1.7329E-09 Note: One successful gmin step
Trying gmin =   1.6557E-09 Note: One successful gmin step
Trying gmin =   1.6185E-09 Note: One successful gmin step
Trying gmin =   1.5641E-09 Warning: Further gmin increment
Trying gmin =   1.6047E-09 Note: One successful gmin step
Trying gmin =   1.5843E-09 Note: One successful gmin step
Trying gmin =   1.5742E-09 Note: One successful gmin step
Trying gmin =   1.5641E-09 Warning: Further gmin increment
Trying gmin =   1.5717E-09 Note: One successful gmin step
Trying gmin =   1.5692E-09 Note: One successful gmin step
Trying gmin =   1.5666E-09 Note: One successful gmin step
Trying gmin =   1.5641E-09 Note: One successful gmin step
Trying gmin =   1.5616E-09 Note: One successful gmin step
Trying gmin =   1.5579E-09 Note: One successful gmin step
Trying gmin =   1.5542E-09 Note: One successful gmin step
Trying gmin =   1.5523E-09 Note: One successful gmin step
Trying gmin =   1.5504E-09 Note: One successful gmin step
Trying gmin =   1.5486E-09 Note: One successful gmin step
Trying gmin =   1.5476E-09 Warning: Further gmin increment
Trying gmin =   1.5483E-09 Note: One successful gmin step
Trying gmin =   1.5482E-09 Note: One successful gmin step
Trying gmin =   1.5480E-09 Note: One successful gmin step
Trying gmin =   1.5478E-09 Note: One successful gmin step
Trying gmin =   1.5474E-09 Warning: Further gmin increment
Trying gmin =   1.5477E-09 Warning: Further gmin increment
Trying gmin =   1.5478E-09 Note: One successful gmin step
Trying gmin =   1.5477E-09 Note: One successful gmin step
Trying gmin =   1.5477E-09 Note: One successful gmin step
Trying gmin =   1.5475E-09 Note: One successful gmin step
Trying gmin =   1.5474E-09 Note: One successful gmin step
Trying gmin =   1.5472E-09 Note: One successful gmin step
Trying gmin =   1.5471E-09 Note: One successful gmin step
Trying gmin =   1.5470E-09 Note: One successful gmin step
Trying gmin =   1.5469E-09 Note: One successful gmin step
Trying gmin =   1.5468E-09 Note: One successful gmin step
Trying gmin =   1.5467E-09 Note: One successful gmin step
Trying gmin =   1.5466E-09 Note: One successful gmin step
Trying gmin =   1.5465E-09 Note: One successful gmin step
Trying gmin =   1.5464E-09 Warning: Further gmin increment
Trying gmin =   1.5465E-09 Note: One successful gmin step
Trying gmin =   1.5465E-09 Note: One successful gmin step
Trying gmin =   1.5465E-09 Note: One successful gmin step
Trying gmin =   1.5464E-09 Note: One successful gmin step
Trying gmin =   1.5463E-09 Note: One successful gmin step
Trying gmin =   1.5462E-09 Note: One successful gmin step
Trying gmin =   1.5461E-09 Warning: Further gmin increment
Trying gmin =   1.5462E-09 Note: One successful gmin step
Trying gmin =   1.5461E-09 Note: One successful gmin step
Trying gmin =   1.5460E-09 Warning: Further gmin increment
Trying gmin =   1.5460E-09 Note: One successful gmin step
Trying gmin =   1.5460E-09 Note: One successful gmin step
Trying gmin =   1.5459E-09 Note: One successful gmin step
Trying gmin =   1.5459E-09 Note: One successful gmin step
Trying gmin =   1.5457E-09 Note: One successful gmin step
Trying gmin =   1.5456E-09 Note: One successful gmin step
Trying gmin =   1.5455E-09 Note: One successful gmin step
Trying gmin =   1.5454E-09 Note: One successful gmin step
Trying gmin =   1.5454E-09 Note: One successful gmin step
Trying gmin =   1.5453E-09 Note: One successful gmin step
Trying gmin =   1.5452E-09 Note: One successful gmin step
Trying gmin =   1.5451E-09 Note: One successful gmin step
Trying gmin =   1.5451E-09 Note: One successful gmin step
Trying gmin =   1.5450E-09 Note: One successful gmin step
Trying gmin =   1.5449E-09 Note: One successful gmin step
Trying gmin =   1.5448E-09 Note: One successful gmin step
Trying gmin =   1.5447E-09 Note: One successful gmin step
Trying gmin =   1.5446E-09 Note: One successful gmin step
Trying gmin =   1.5445E-09 Note: One successful gmin step
Trying gmin =   1.5444E-09 Note: One successful gmin step
Trying gmin =   1.5443E-09 Note: One successful gmin step
Trying gmin =   1.5442E-09 Warning: Further gmin increment
Trying gmin =   1.5443E-09 Note: One successful gmin step
Trying gmin =   1.5442E-09 Note: One successful gmin step
Trying gmin =   1.5441E-09 Note: One successful gmin step
Trying gmin =   1.5441E-09 Note: One successful gmin step
Trying gmin =   1.5440E-09 Note: One successful gmin step
Trying gmin =   1.5439E-09 Note: One successful gmin step
Trying gmin =   1.5438E-09 Note: One successful gmin step
Trying gmin =   1.5437E-09 Note: One successful gmin step
Trying gmin =   1.5437E-09 Note: One successful gmin step
Trying gmin =   1.5436E-09 Note: One successful gmin step
Trying gmin =   1.5435E-09 Note: One successful gmin step
Trying gmin =   1.5434E-09 Note: One successful gmin step
Trying gmin =   1.5434E-09 Note: One successful gmin step
Trying gmin =   1.5433E-09 Note: One successful gmin step
Trying gmin =   1.5432E-09 Note: One successful gmin step
Trying gmin =   1.5431E-09 Note: One successful gmin step
Trying gmin =   1.5431E-09 Note: One successful gmin step
Trying gmin =   1.5430E-09 Warning: Further gmin increment
Trying gmin =   1.5430E-09 Note: One successful gmin step
Trying gmin =   1.5430E-09 Note: One successful gmin step
Trying gmin =   1.5429E-09 Note: One successful gmin step
Trying gmin =   1.5428E-09 Note: One successful gmin step
Trying gmin =   1.5427E-09 Note: One successful gmin step
Trying gmin =   1.5425E-09 Note: One successful gmin step
Trying gmin =   1.5424E-09 Warning: Further gmin increment
Trying gmin =   1.5425E-09 Note: One successful gmin step
Trying gmin =   1.5424E-09 Note: One successful gmin step
Trying gmin =   1.5423E-09 Note: One successful gmin step
Trying gmin =   1.5422E-09 Warning: Further gmin increment
Trying gmin =   1.5423E-09 Note: One successful gmin step
Trying gmin =   1.5423E-09 Note: One successful gmin step
Trying gmin =   1.5422E-09 Note: One successful gmin step
Trying gmin =   1.5421E-09 Note: One successful gmin step
Trying gmin =   1.5420E-09 Note: One successful gmin step
Trying gmin =   1.5419E-09 Note: One successful gmin step
Trying gmin =   1.5417E-09 Note: One successful gmin step
Trying gmin =   1.5415E-09 Note: One successful gmin step
Trying gmin =   1.5415E-09 Warning: Further gmin increment
Trying gmin =   1.5415E-09 Note: One successful gmin step
Trying gmin =   1.5414E-09 Note: One successful gmin step
Trying gmin =   1.5414E-09 Note: One successful gmin step
Trying gmin =   1.5413E-09 Note: One successful gmin step
Trying gmin =   1.5412E-09 Note: One successful gmin step
Trying gmin =   1.5411E-09 Note: One successful gmin step
Trying gmin =   1.5411E-09 Warning: Further gmin increment
Trying gmin =   1.5411E-09 Note: One successful gmin step
Trying gmin =   1.5411E-09 Note: One successful gmin step
Trying gmin =   1.5410E-09 Note: One successful gmin step
Trying gmin =   1.5409E-09 Warning: Further gmin increment
Trying gmin =   1.5410E-09 Note: One successful gmin step
Trying gmin =   1.5410E-09 Note: One successful gmin step
Trying gmin =   1.5409E-09 Warning: Last gmin step failed
Warning: Dynamic gmin stepping failed
Note: Starting true gmin stepping
Trying gmin =   1.0000E-03 Note: One successful gmin step
Trying gmin =   1.0000E-04 Note: One successful gmin step
Trying gmin =   1.0000E-05 Note: One successful gmin step
Trying gmin =   1.0000E-06 Note: One successful gmin step
Trying gmin =   1.0000E-07 Note: One successful gmin step
Trying gmin =   1.0000E-08 Note: One successful gmin step
Trying gmin =   1.0000E-09 Warning: Further gmin increment
Trying gmin =   5.6234E-09 Note: One successful gmin step
Trying gmin =   2.3714E-09 Warning: Further gmin increment
Trying gmin =   4.5316E-09 Note: One successful gmin step
Trying gmin =   3.2781E-09 Note: One successful gmin step
Trying gmin =   2.7881E-09 Note: One successful gmin step
Trying gmin =   2.1870E-09 Note: One successful gmin step
Trying gmin =   1.5193E-09 Note: One successful gmin step
Trying gmin =   8.7970E-10 Note: One successful gmin step
Trying gmin =   6.6940E-10 Warning: Further gmin increment
Trying gmin =   8.2162E-10 Warning: Further gmin increment
Trying gmin =   8.6481E-10 Warning: Further gmin increment
Trying gmin =   8.7596E-10 Note: One successful gmin step
Trying gmin =   8.7409E-10 Note: One successful gmin step
Trying gmin =   8.7222E-10 Warning: Further gmin increment
Trying gmin =   8.7362E-10 Note: One successful gmin step
Trying gmin =   8.7292E-10 Note: One successful gmin step
Trying gmin =   8.7257E-10 Warning: Further gmin increment
Trying gmin =   8.7284E-10 Warning: Further gmin increment
Trying gmin =   8.7290E-10 Note: One successful gmin step
Trying gmin =   8.7286E-10 Note: One successful gmin step
Trying gmin =   8.7281E-10 Warning: Further gmin increment
Trying gmin =   8.7285E-10 Warning: Last gmin step failed
Warning: True gmin stepping failed
Note: Starting source stepping
Supplies reduced to   0.0000% Note: One successful source step
Supplies reduced to   0.1000% Note: One successful source step
Supplies reduced to   0.2000% Note: One successful source step
Supplies reduced to   0.3500% Note: One successful source step
Supplies reduced to   0.5750% Note: One successful source step
Supplies reduced to   0.9125% Note: One successful source step
Supplies reduced to   1.4188% Note: One successful source step
Supplies reduced to   2.1781% Note: One successful source step
Supplies reduced to   2.9375% Supplies reduced to   2.1781% Note: One successful source step
Supplies reduced to   2.2161% Note: One successful source step
Supplies reduced to   2.2730% Supplies reduced to   2.2161% Note: One successful source step
Supplies reduced to   2.2218% Note: One successful source step
Supplies reduced to   2.2303% Note: One successful source step
Supplies reduced to   2.2389% Note: One successful source step
Supplies reduced to   2.2474% Note: One successful source step
Supplies reduced to   2.2560% Note: One successful source step
Supplies reduced to   2.2645% Note: One successful source step
Supplies reduced to   2.2730% Supplies reduced to   2.2645% Note: One successful source step
Supplies reduced to   2.2654% Note: One successful source step
Supplies reduced to   2.2666% Note: One successful source step
Supplies reduced to   2.2679% Note: One successful source step
Supplies reduced to   2.2692% Note: One successful source step
Supplies reduced to   2.2705% Note: One successful source step
Supplies reduced to   2.2718% Note: One successful source step
Supplies reduced to   2.2730% Supplies reduced to   2.2718% Note: One successful source step
Supplies reduced to   2.2719% Note: One successful source step
Supplies reduced to   2.2721% Note: One successful source step
Supplies reduced to   2.2723% Note: One successful source step
Supplies reduced to   2.2725% Note: One successful source step
Supplies reduced to   2.2727% Note: One successful source step
Supplies reduced to   2.2729% Note: One successful source step
Supplies reduced to   2.2730% Note: One successful source step
Supplies reduced to   2.2732% Supplies reduced to   2.2730% Note: One successful source step
Supplies reduced to   2.2731% Note: One successful source step
Supplies reduced to   2.2731% Note: One successful source step
Supplies reduced to   2.2731% Note: One successful source step
Supplies reduced to   2.2732% Note: One successful source step
Supplies reduced to   2.2732% Warning: source stepping failed
Note: Transient op started
Note: Transient op finished successfully
3 mho.
Warning: Drain conductance reset to 1.0e3 mho.
Warning: Source conductance reset to 1.0e3 mho.
Warning: Drain conductance reset to 1.0e3 mho.
Warning: Source conductance reset to 1.0e3 mho.
Warning: Drain conductance reset to 1.0e3 mho.
Warning: Source conductance reset to 1.0e3 mho.
Warning: Drain conductance reset to 1.0e3 mho.
Warning: Source conductance reset to 1.0e3 mho.
Warning: Drain conductance reset to 1.0e3 mho.
 Reference value :  1.00000e+07
No. of Data Rows : 500

No. of Data Rows : 1
ngspice-41 done
