
Note: Compatibility modes selected: hs a


Circuit: * entry 122 cml master/slave; external differential clock, no feedback dac

option SCALE: Scale is set to 1e-06 for instance and model parameters
Doing analysis at TEMP = 27.000000 and TNOM = 27.000000


Initial Transient Solution
--------------------------

Node                                   Voltage
----                                   -------
vdd                                       1.71
clk                                       0.57
clkb                                      1.14
inp                                     1.3354
inn                                     1.3854
mn                                     1.62941
ma                                    0.375431
mp                                     1.58879
mb                                     1.04025
mtail                                 0.134889
nbias                                 0.945605
qb                                     1.60486
sa                                      1.0496
q                                      1.60484
sb                                    0.578633
stail                                 0.144088
xr_mp.rb                               1.66457
xr_mn.rb                                1.6798
xr_q.rb                                1.67059
xr_qb.rb                               1.67059
xr_nbias.rb                            1.68708
vinn#branch                                  0
vinp#branch                                  0
vclkb#branch                                 0
vclk#branch                                  0
vdd#branch                        -0.000591468

 Reference value :  2.05150e-09
 Reference value :  7.40750e-09

No. of Data Rows : 8154
ngspice-41 done

Warning: Model issue on line 0 :
  .model xr_mp:rhead_model r sw_et=0 isnoisy=0 rsh=    3.458312000000000e+ ...
unrecognized parameter (sw_et) - ignored
unrecognized parameter (isnoisy) - ignored
unrecognized parameter (p2) - ignored
unrecognized parameter (q2) - ignored

Warning: Model issue on line 0 :
  .model xr_mp:rbody_model r sw_et=0 isnoisy=0 rsh=    3.173885000000000e+ ...
unrecognized parameter (sw_et) - ignored
unrecognized parameter (isnoisy) - ignored
unrecognized parameter (p2) - ignored
unrecognized parameter (q2) - ignored
unrecognized parameter (p3) - ignored
unrecognized parameter (q3) - ignored

Warning: Model issue on line 0 :
  .model xr_mn:rhead_model r sw_et=0 isnoisy=0 rsh=    3.458312000000000e+ ...
unrecognized parameter (sw_et) - ignored
unrecognized parameter (isnoisy) - ignored
unrecognized parameter (p2) - ignored
unrecognized parameter (q2) - ignored

Warning: Model issue on line 0 :
  .model xr_mn:rbody_model r sw_et=0 isnoisy=0 rsh=    3.173885000000000e+ ...
unrecognized parameter (sw_et) - ignored
unrecognized parameter (isnoisy) - ignored
unrecognized parameter (p2) - ignored
unrecognized parameter (q2) - ignored
unrecognized parameter (p3) - ignored
unrecognized parameter (q3) - ignored

Warning: Model issue on line 0 :
  .model xr_q:rhead_model r sw_et=0 isnoisy=0 rsh=    3.458312000000000e+0 ...
unrecognized parameter (sw_et) - ignored
unrecognized parameter (isnoisy) - ignored
unrecognized parameter (p2) - ignored
unrecognized parameter (q2) - ignored

Warning: Model issue on line 0 :
  .model xr_q:rbody_model r sw_et=0 isnoisy=0 rsh=    3.173885000000000e+0 ...
unrecognized parameter (sw_et) - ignored
unrecognized parameter (isnoisy) - ignored
unrecognized parameter (p2) - ignored
unrecognized parameter (q2) - ignored
unrecognized parameter (p3) - ignored
unrecognized parameter (q3) - ignored

Warning: Model issue on line 0 :
  .model xr_qb:rhead_model r sw_et=0 isnoisy=0 rsh=    3.458312000000000e+ ...
unrecognized parameter (sw_et) - ignored
unrecognized parameter (isnoisy) - ignored
unrecognized parameter (p2) - ignored
unrecognized parameter (q2) - ignored

Warning: Model issue on line 0 :
  .model xr_qb:rbody_model r sw_et=0 isnoisy=0 rsh=    3.173885000000000e+ ...
unrecognized parameter (sw_et) - ignored
unrecognized parameter (isnoisy) - ignored
unrecognized parameter (p2) - ignored
unrecognized parameter (q2) - ignored
unrecognized parameter (p3) - ignored
unrecognized parameter (q3) - ignored

Warning: Model issue on line 0 :
  .model xr_nbias:rhead_model r sw_et=0 isnoisy=0 rsh=    3.45831200000000 ...
unrecognized parameter (sw_et) - ignored
unrecognized parameter (isnoisy) - ignored
unrecognized parameter (p2) - ignored
unrecognized parameter (q2) - ignored

Warning: Model issue on line 0 :
  .model xr_nbias:rbody_model r sw_et=0 isnoisy=0 rsh=    3.17388500000000 ...
unrecognized parameter (sw_et) - ignored
unrecognized parameter (isnoisy) - ignored
unrecognized parameter (p2) - ignored
unrecognized parameter (q2) - ignored
unrecognized parameter (p3) - ignored
unrecognized parameter (q3) - ignored

