
Note: Compatibility modes selected: hs a


Circuit: * nebula sky130 sizing point (auto-generated; do not edit by hand)

option SCALE: Scale is set to 1e-06 for instance and model parameters
Doing analysis at TEMP = 0.000000 and TNOM = 27.000000

 Reference value :  0.00000e+00

No. of Data Rows : 1
v(p_bias) = 4.067609913967244e-01
@m.xbpref.msky130_fd_pr__pfet_01v8[id] = 1.978242990429415e-04
@m.xbpfeed.msky130_fd_pr__pfet_01v8[id] = 1.930841853812140e-04
@m.xm1.msky130_fd_pr__nfet_01v8[gm] = 1.095989835154463e-02
@m.xm1.msky130_fd_pr__nfet_01v8[gmbs] = 1.756117028449308e-03
@m.xm1.msky130_fd_pr__nfet_01v8[gds] = 2.364586111191472e-04
@m.xm1.msky130_fd_pr__nfet_01v8[vth] = 7.277794213313171e-01
@m.xm1.msky130_fd_pr__nfet_01v8[vds] = 7.856920629788952e-01
@m.xm1.msky130_fd_pr__nfet_01v8[vdsat] = 1.777802408740596e-01
@m.xm1.msky130_fd_pr__nfet_01v8[vgs] = 9.542189269202400e-01
@m.xm1.msky130_fd_pr__nfet_01v8[id] = 1.498257355274158e-03
v(outp) = 1.332496109317004e+00
v(s1) = 5.468040463381089e-01
i(vdd) = -3.38742306608440e-03
@m.xmt1.msky130_fd_pr__nfet_01v8[id] = 1.498257283059283e-03
@m.xmt1.msky130_fd_pr__nfet_01v8[vds] = 5.468040463381089e-01
@m.xmt1.msky130_fd_pr__nfet_01v8[vdsat] = 1.260396202270495e-01
@m.xmt1.msky130_fd_pr__nfet_01v8[vgs] = 7.437898799866771e-01
@m.xmt1.msky130_fd_pr__nfet_01v8[vth] = 6.061314020438469e-01
@m.xmt1.msky130_fd_pr__nfet_01v8[gm] = 1.913671480930103e-02
@m.xmr.msky130_fd_pr__nfet_01v8[id] = 1.930841856230276e-04
v(nbias) = 7.437898799866771e-01
Doing analysis at TEMP = 0.000000 and TNOM = 27.000000


No. of Data Rows : 702
Doing analysis at TEMP = 0.000000 and TNOM = 27.000000


Initial Transient Solution
--------------------------

Node                                   Voltage
----                                   -------
vdd                                       1.71
cm                                     1.50102
vid                                          0
inx                                    1.50102
iny                                    1.50102
xatt_sp.rb                             1.50102
inp                                    1.50102
xatt_sn.rb                             1.50102
inn                                    1.50102
xatt_rp0.rb                            1.50102
att_p0                                 1.50102
xatt_rn0.rb                            1.50102
att_n0                                 1.50102
xatt_rp1.rb                            1.50102
att_p1                                 1.50102
xatt_rn1.rb                            1.50102
att_n1                                 1.50102
xatt_rp2.rb                            1.50102
att_p2                                 1.50102
xatt_rn2.rb                            1.50102
att_n2                                 1.50102
outp                                    1.3325
s1                                    0.546804
outn                                    1.3325
s2                                    0.546804
xrlp.rb                                1.68388
xrln.rb                                1.68388
xrs.rb                                0.546804
xcs.a                                 0.546804
xcs.b1                                0.546804
p_bias                                0.406761
nbias                                  0.74379
xrbias.rb                             0.346114
xcbyp.a                                      0
xcbyp.b1                                     0
einn#branch                        2.58453e-13
einp#branch                        2.58453e-13
vid#branch                                   0
vcm#branch                         2.62768e-12
vdd#branch                         -0.00338742


No. of Data Rows : 2001
ngspice-41 done

Warning: Model issue on line 0 :
  .model xatt_sp:rhead_model r sw_et=0 isnoisy=0 rsh=    3.458312000000000 ...
unrecognized parameter (sw_et) - ignored
unrecognized parameter (isnoisy) - ignored
unrecognized parameter (p2) - ignored
unrecognized parameter (q2) - ignored

Warning: Model issue on line 0 :
  .model xatt_sp:rbody_model r sw_et=0 isnoisy=0 rsh=    3.173885000000000 ...
unrecognized parameter (sw_et) - ignored
unrecognized parameter (isnoisy) - ignored
unrecognized parameter (p2) - ignored
unrecognized parameter (q2) - ignored
unrecognized parameter (p3) - ignored
unrecognized parameter (q3) - ignored

Warning: Model issue on line 0 :
  .model xatt_sn:rhead_model r sw_et=0 isnoisy=0 rsh=    3.458312000000000 ...
unrecognized parameter (sw_et) - ignored
unrecognized parameter (isnoisy) - ignored
unrecognized parameter (p2) - ignored
unrecognized parameter (q2) - ignored

Warning: Model issue on line 0 :
  .model xatt_sn:rbody_model r sw_et=0 isnoisy=0 rsh=    3.173885000000000 ...
unrecognized parameter (sw_et) - ignored
unrecognized parameter (isnoisy) - ignored
unrecognized parameter (p2) - ignored
unrecognized parameter (q2) - ignored
unrecognized parameter (p3) - ignored
unrecognized parameter (q3) - ignored

Warning: Model issue on line 0 :
  .model xatt_rp0:rhead_model r sw_et=0 isnoisy=0 rsh=    3.45831200000000 ...
unrecognized parameter (sw_et) - ignored
unrecognized parameter (isnoisy) - ignored
unrecognized parameter (p2) - ignored
unrecognized parameter (q2) - ignored

Warning: Model issue on line 0 :
  .model xatt_rp0:rbody_model r sw_et=0 isnoisy=0 rsh=    3.17388500000000 ...
unrecognized parameter (sw_et) - ignored
unrecognized parameter (isnoisy) - ignored
unrecognized parameter (p2) - ignored
unrecognized parameter (q2) - ignored
unrecognized parameter (p3) - ignored
unrecognized parameter (q3) - ignored

Warning: Model issue on line 0 :
  .model xatt_rn0:rhead_model r sw_et=0 isnoisy=0 rsh=    3.45831200000000 ...
unrecognized parameter (sw_et) - ignored
unrecognized parameter (isnoisy) - ignored
unrecognized parameter (p2) - ignored
unrecognized parameter (q2) - ignored

Warning: Model issue on line 0 :
  .model xatt_rn0:rbody_model r sw_et=0 isnoisy=0 rsh=    3.17388500000000 ...
unrecognized parameter (sw_et) - ignored
unrecognized parameter (isnoisy) - ignored
unrecognized parameter (p2) - ignored
unrecognized parameter (q2) - ignored
unrecognized parameter (p3) - ignored
unrecognized parameter (q3) - ignored

Warning: Model issue on line 0 :
  .model xatt_rp1:rhead_model r sw_et=0 isnoisy=0 rsh=    3.45831200000000 ...
unrecognized parameter (sw_et) - ignored
unrecognized parameter (isnoisy) - ignored
unrecognized parameter (p2) - ignored
unrecognized parameter (q2) - ignored

Warning: Model issue on line 0 :
  .model xatt_rp1:rbody_model r sw_et=0 isnoisy=0 rsh=    3.17388500000000 ...
unrecognized parameter (sw_et) - ignored
unrecognized parameter (isnoisy) - ignored
unrecognized parameter (p2) - ignored
unrecognized parameter (q2) - ignored
unrecognized parameter (p3) - ignored
unrecognized parameter (q3) - ignored

Warning: Model issue on line 0 :
  .model xatt_rn1:rhead_model r sw_et=0 isnoisy=0 rsh=    3.45831200000000 ...
unrecognized parameter (sw_et) - ignored
unrecognized parameter (isnoisy) - ignored
unrecognized parameter (p2) - ignored
unrecognized parameter (q2) - ignored

Warning: Model issue on line 0 :
  .model xatt_rn1:rbody_model r sw_et=0 isnoisy=0 rsh=    3.17388500000000 ...
unrecognized parameter (sw_et) - ignored
unrecognized parameter (isnoisy) - ignored
unrecognized parameter (p2) - ignored
unrecognized parameter (q2) - ignored
unrecognized parameter (p3) - ignored
unrecognized parameter (q3) - ignored

Warning: Model issue on line 0 :
  .model xatt_rp2:rhead_model r sw_et=0 isnoisy=0 rsh=    3.45831200000000 ...
unrecognized parameter (sw_et) - ignored
unrecognized parameter (isnoisy) - ignored
unrecognized parameter (p2) - ignored
unrecognized parameter (q2) - ignored

Warning: Model issue on line 0 :
  .model xatt_rp2:rbody_model r sw_et=0 isnoisy=0 rsh=    3.17388500000000 ...
unrecognized parameter (sw_et) - ignored
unrecognized parameter (isnoisy) - ignored
unrecognized parameter (p2) - ignored
unrecognized parameter (q2) - ignored
unrecognized parameter (p3) - ignored
unrecognized parameter (q3) - ignored

Warning: Model issue on line 0 :
  .model xatt_rn2:rhead_model r sw_et=0 isnoisy=0 rsh=    3.45831200000000 ...
unrecognized parameter (sw_et) - ignored
unrecognized parameter (isnoisy) - ignored
unrecognized parameter (p2) - ignored
unrecognized parameter (q2) - ignored

Warning: Model issue on line 0 :
  .model xatt_rn2:rbody_model r sw_et=0 isnoisy=0 rsh=    3.17388500000000 ...
unrecognized parameter (sw_et) - ignored
unrecognized parameter (isnoisy) - ignored
unrecognized parameter (p2) - ignored
unrecognized parameter (q2) - ignored
unrecognized parameter (p3) - ignored
unrecognized parameter (q3) - ignored

Warning: Model issue on line 0 :
  .model xrlp:rhead_model r sw_et=0 isnoisy=0 rsh=    3.458312000000000e+0 ...
unrecognized parameter (sw_et) - ignored
unrecognized parameter (isnoisy) - ignored
unrecognized parameter (p2) - ignored
unrecognized parameter (q2) - ignored

Warning: Model issue on line 0 :
  .model xrlp:rbody_model r sw_et=0 isnoisy=0 rsh=    3.173885000000000e+0 ...
unrecognized parameter (sw_et) - ignored
unrecognized parameter (isnoisy) - ignored
unrecognized parameter (p2) - ignored
unrecognized parameter (q2) - ignored
unrecognized parameter (p3) - ignored
unrecognized parameter (q3) - ignored

Warning: Model issue on line 0 :
  .model xrln:rhead_model r sw_et=0 isnoisy=0 rsh=    3.458312000000000e+0 ...
unrecognized parameter (sw_et) - ignored
unrecognized parameter (isnoisy) - ignored
unrecognized parameter (p2) - ignored
unrecognized parameter (q2) - ignored

Warning: Model issue on line 0 :
  .model xrln:rbody_model r sw_et=0 isnoisy=0 rsh=    3.173885000000000e+0 ...
unrecognized parameter (sw_et) - ignored
unrecognized parameter (isnoisy) - ignored
unrecognized parameter (p2) - ignored
unrecognized parameter (q2) - ignored
unrecognized parameter (p3) - ignored
unrecognized parameter (q3) - ignored

Warning: Model issue on line 0 :
  .model xrs:rhead_model r sw_et=0 isnoisy=0 rsh=    3.458312000000000e+02 ...
unrecognized parameter (sw_et) - ignored
unrecognized parameter (isnoisy) - ignored
unrecognized parameter (p2) - ignored
unrecognized parameter (q2) - ignored

Warning: Model issue on line 0 :
  .model xrs:rbody_model r sw_et=0 isnoisy=0 rsh=    3.173885000000000e+02 ...
unrecognized parameter (sw_et) - ignored
unrecognized parameter (isnoisy) - ignored
unrecognized parameter (p2) - ignored
unrecognized parameter (q2) - ignored
unrecognized parameter (p3) - ignored
unrecognized parameter (q3) - ignored

Warning: Model issue on line 0 :
  .model xrbias:rhead_model r sw_et=0 isnoisy=0 rsh=    3.458312000000000e ...
unrecognized parameter (sw_et) - ignored
unrecognized parameter (isnoisy) - ignored
unrecognized parameter (p2) - ignored
unrecognized parameter (q2) - ignored

Warning: Model issue on line 0 :
  .model xrbias:rbody_model r sw_et=0 isnoisy=0 rsh=    3.173885000000000e ...
unrecognized parameter (sw_et) - ignored
unrecognized parameter (isnoisy) - ignored
unrecognized parameter (p2) - ignored
unrecognized parameter (q2) - ignored
unrecognized parameter (p3) - ignored
unrecognized parameter (q3) - ignored

