
Note: Compatibility modes selected: hs a


Circuit: * nebula sky130 sizing point (auto-generated; do not edit by hand)

option SCALE: Scale is set to 1e-06 for instance and model parameters
Doing analysis at TEMP = 0.000000 and TNOM = 27.000000

 Reference value :  0.00000e+00

No. of Data Rows : 1
v(p_bias) = 4.067609913967244e-01
@m.xbpref.msky130_fd_pr__pfet_01v8[id] = 1.978242990429415e-04
@m.xbpfeed.msky130_fd_pr__pfet_01v8[id] = 1.930841853812140e-04
@m.xm1.msky130_fd_pr__nfet_01v8[gm] = 1.095989820468190e-02
@m.xm1.msky130_fd_pr__nfet_01v8[gmbs] = 1.756117001716436e-03
@m.xm1.msky130_fd_pr__nfet_01v8[gds] = 2.364586050874142e-04
@m.xm1.msky130_fd_pr__nfet_01v8[vth] = 7.277794220785370e-01
@m.xm1.msky130_fd_pr__nfet_01v8[vds] = 7.856920585512609e-01
@m.xm1.msky130_fd_pr__nfet_01v8[vdsat] = 1.777802384636598e-01
@m.xm1.msky130_fd_pr__nfet_01v8[vgs] = 9.542189226073273e-01
@m.xm1.msky130_fd_pr__nfet_01v8[id] = 1.498257299444616e-03
v(outp) = 1.332496109167844e+00
v(s1) = 5.468040506165829e-01
i(vdd) = -3.38742306721017e-03
@m.xmt1.msky130_fd_pr__nfet_01v8[id] = 1.498257284185691e-03
@m.xmt1.msky130_fd_pr__nfet_01v8[vds] = 5.468040506165829e-01
@m.xmt1.msky130_fd_pr__nfet_01v8[vdsat] = 1.260396202311875e-01
@m.xmt1.msky130_fd_pr__nfet_01v8[vgs] = 7.437898799866771e-01
@m.xmt1.msky130_fd_pr__nfet_01v8[vth] = 6.061314020370466e-01
@m.xmt1.msky130_fd_pr__nfet_01v8[gm] = 1.913671482227564e-02
@m.xmr.msky130_fd_pr__nfet_01v8[id] = 1.930841856230276e-04
v(nbias) = 7.437898799866771e-01
Doing analysis at TEMP = 0.000000 and TNOM = 27.000000


No. of Data Rows : 251
g_dc                =  -5.633383e+00
g_nyq               =  -1.893973e-03
g_pk                =  1.307901e-02 at=  2.290868e+09
g_top               =  -9.591281e+00
Doing analysis at TEMP = 0.000000 and TNOM = 27.000000

Warning: Source conductance reset to 1.0e3 mho.
Warning: Drain conductance reset to 1.0e3 mho.
Warning: Source conductance reset to 1.0e3 mho.
Warning: Drain conductance reset to 1.0e3 mho.
Warning: Source conductance reset to 1.0e3 mho.
Warning: Drain conductance reset to 1.0e3 mho.
Warning: Source conductance reset to 1.0e3 mho.
Warning: Drain conductance reset to 1.0e3 mho.
Warning: Source conductance reset to 1.0e3 mho.
Warning: Drain conductance reset to 1.0e3 mho.
Warning: Source conductance reset to 1.0e3 mho.
Warning: Drain conductance reset to 1.0e3 mho.
Warning: Source conductance reset to 1.0e3 mho.
Warning: Drain conductance reset to 1.0e3 mho.
Warning: Source conductance reset to 1.0e3 mho.
Warning: Drain conductance reset to 1.0e3 mho.
Warning: Source conductance reset to 1.0e3 mho.
Warning: Drain conductance reset to 1.0e3 mho.
Warning: Source conductance reset to 1.0e3 mho.
Warning: Drain conductance reset to 1.0e3 mho.
Warning: Source conductance reset to 1.0e3 mho.
Warning: Drain conductance reset to 1.0e3 mho.
Warning: Source conductance reset to 1.0e3 mho.
Warning: Drain conductance reset to 1.0e3 mho.
Warning: Source conductance reset to 1.0e3 mho.
Warning: Drain conductance reset to 1.0e3 mho.

No. of Data Rows : 54

No. of Data Rows : 1
inoise_total = 5.348527286771697e-04
ngspice-41 done

Warning: Model issue on line 0 :
  .model xatt_sp:rhead_model r sw_et=0 isnoisy=0 rsh=    3.458312000000000 ...
unrecognized parameter (sw_et) - ignored
unrecognized parameter (isnoisy) - ignored
unrecognized parameter (p2) - ignored
unrecognized parameter (q2) - ignored

Warning: Model issue on line 0 :
  .model xatt_sp:rbody_model r sw_et=0 isnoisy=0 rsh=    3.173885000000000 ...
unrecognized parameter (sw_et) - ignored
unrecognized parameter (isnoisy) - ignored
unrecognized parameter (p2) - ignored
unrecognized parameter (q2) - ignored
unrecognized parameter (p3) - ignored
unrecognized parameter (q3) - ignored

Warning: Model issue on line 0 :
  .model xatt_sn:rhead_model r sw_et=0 isnoisy=0 rsh=    3.458312000000000 ...
unrecognized parameter (sw_et) - ignored
unrecognized parameter (isnoisy) - ignored
unrecognized parameter (p2) - ignored
unrecognized parameter (q2) - ignored

Warning: Model issue on line 0 :
  .model xatt_sn:rbody_model r sw_et=0 isnoisy=0 rsh=    3.173885000000000 ...
unrecognized parameter (sw_et) - ignored
unrecognized parameter (isnoisy) - ignored
unrecognized parameter (p2) - ignored
unrecognized parameter (q2) - ignored
unrecognized parameter (p3) - ignored
unrecognized parameter (q3) - ignored

Warning: Model issue on line 0 :
  .model xatt_rp0:rhead_model r sw_et=0 isnoisy=0 rsh=    3.45831200000000 ...
unrecognized parameter (sw_et) - ignored
unrecognized parameter (isnoisy) - ignored
unrecognized parameter (p2) - ignored
unrecognized parameter (q2) - ignored

Warning: Model issue on line 0 :
  .model xatt_rp0:rbody_model r sw_et=0 isnoisy=0 rsh=    3.17388500000000 ...
unrecognized parameter (sw_et) - ignored
unrecognized parameter (isnoisy) - ignored
unrecognized parameter (p2) - ignored
unrecognized parameter (q2) - ignored
unrecognized parameter (p3) - ignored
unrecognized parameter (q3) - ignored

Warning: Model issue on line 0 :
  .model xatt_rn0:rhead_model r sw_et=0 isnoisy=0 rsh=    3.45831200000000 ...
unrecognized parameter (sw_et) - ignored
unrecognized parameter (isnoisy) - ignored
unrecognized parameter (p2) - ignored
unrecognized parameter (q2) - ignored

Warning: Model issue on line 0 :
  .model xatt_rn0:rbody_model r sw_et=0 isnoisy=0 rsh=    3.17388500000000 ...
unrecognized parameter (sw_et) - ignored
unrecognized parameter (isnoisy) - ignored
unrecognized parameter (p2) - ignored
unrecognized parameter (q2) - ignored
unrecognized parameter (p3) - ignored
unrecognized parameter (q3) - ignored

Warning: Model issue on line 0 :
  .model xatt_rp1:rhead_model r sw_et=0 isnoisy=0 rsh=    3.45831200000000 ...
unrecognized parameter (sw_et) - ignored
unrecognized parameter (isnoisy) - ignored
unrecognized parameter (p2) - ignored
unrecognized parameter (q2) - ignored

Warning: Model issue on line 0 :
  .model xatt_rp1:rbody_model r sw_et=0 isnoisy=0 rsh=    3.17388500000000 ...
unrecognized parameter (sw_et) - ignored
unrecognized parameter (isnoisy) - ignored
unrecognized parameter (p2) - ignored
unrecognized parameter (q2) - ignored
unrecognized parameter (p3) - ignored
unrecognized parameter (q3) - ignored

Warning: Model issue on line 0 :
  .model xatt_rn1:rhead_model r sw_et=0 isnoisy=0 rsh=    3.45831200000000 ...
unrecognized parameter (sw_et) - ignored
unrecognized parameter (isnoisy) - ignored
unrecognized parameter (p2) - ignored
unrecognized parameter (q2) - ignored

Warning: Model issue on line 0 :
  .model xatt_rn1:rbody_model r sw_et=0 isnoisy=0 rsh=    3.17388500000000 ...
unrecognized parameter (sw_et) - ignored
unrecognized parameter (isnoisy) - ignored
unrecognized parameter (p2) - ignored
unrecognized parameter (q2) - ignored
unrecognized parameter (p3) - ignored
unrecognized parameter (q3) - ignored

Warning: Model issue on line 0 :
  .model xatt_rp2:rhead_model r sw_et=0 isnoisy=0 rsh=    3.45831200000000 ...
unrecognized parameter (sw_et) - ignored
unrecognized parameter (isnoisy) - ignored
unrecognized parameter (p2) - ignored
unrecognized parameter (q2) - ignored

Warning: Model issue on line 0 :
  .model xatt_rp2:rbody_model r sw_et=0 isnoisy=0 rsh=    3.17388500000000 ...
unrecognized parameter (sw_et) - ignored
unrecognized parameter (isnoisy) - ignored
unrecognized parameter (p2) - ignored
unrecognized parameter (q2) - ignored
unrecognized parameter (p3) - ignored
unrecognized parameter (q3) - ignored

Warning: Model issue on line 0 :
  .model xatt_rn2:rhead_model r sw_et=0 isnoisy=0 rsh=    3.45831200000000 ...
unrecognized parameter (sw_et) - ignored
unrecognized parameter (isnoisy) - ignored
unrecognized parameter (p2) - ignored
unrecognized parameter (q2) - ignored

Warning: Model issue on line 0 :
  .model xatt_rn2:rbody_model r sw_et=0 isnoisy=0 rsh=    3.17388500000000 ...
unrecognized parameter (sw_et) - ignored
unrecognized parameter (isnoisy) - ignored
unrecognized parameter (p2) - ignored
unrecognized parameter (q2) - ignored
unrecognized parameter (p3) - ignored
unrecognized parameter (q3) - ignored

Warning: Model issue on line 0 :
  .model xrlp:rhead_model r sw_et=0 isnoisy=0 rsh=    3.458312000000000e+0 ...
unrecognized parameter (sw_et) - ignored
unrecognized parameter (isnoisy) - ignored
unrecognized parameter (p2) - ignored
unrecognized parameter (q2) - ignored

Warning: Model issue on line 0 :
  .model xrlp:rbody_model r sw_et=0 isnoisy=0 rsh=    3.173885000000000e+0 ...
unrecognized parameter (sw_et) - ignored
unrecognized parameter (isnoisy) - ignored
unrecognized parameter (p2) - ignored
unrecognized parameter (q2) - ignored
unrecognized parameter (p3) - ignored
unrecognized parameter (q3) - ignored

Warning: Model issue on line 0 :
  .model xrln:rhead_model r sw_et=0 isnoisy=0 rsh=    3.458312000000000e+0 ...
unrecognized parameter (sw_et) - ignored
unrecognized parameter (isnoisy) - ignored
unrecognized parameter (p2) - ignored
unrecognized parameter (q2) - ignored

Warning: Model issue on line 0 :
  .model xrln:rbody_model r sw_et=0 isnoisy=0 rsh=    3.173885000000000e+0 ...
unrecognized parameter (sw_et) - ignored
unrecognized parameter (isnoisy) - ignored
unrecognized parameter (p2) - ignored
unrecognized parameter (q2) - ignored
unrecognized parameter (p3) - ignored
unrecognized parameter (q3) - ignored

Warning: Model issue on line 0 :
  .model xrs:rhead_model r sw_et=0 isnoisy=0 rsh=    3.458312000000000e+02 ...
unrecognized parameter (sw_et) - ignored
unrecognized parameter (isnoisy) - ignored
unrecognized parameter (p2) - ignored
unrecognized parameter (q2) - ignored

Warning: Model issue on line 0 :
  .model xrs:rbody_model r sw_et=0 isnoisy=0 rsh=    3.173885000000000e+02 ...
unrecognized parameter (sw_et) - ignored
unrecognized parameter (isnoisy) - ignored
unrecognized parameter (p2) - ignored
unrecognized parameter (q2) - ignored
unrecognized parameter (p3) - ignored
unrecognized parameter (q3) - ignored

Warning: Model issue on line 0 :
  .model xrbias:rhead_model r sw_et=0 isnoisy=0 rsh=    3.458312000000000e ...
unrecognized parameter (sw_et) - ignored
unrecognized parameter (isnoisy) - ignored
unrecognized parameter (p2) - ignored
unrecognized parameter (q2) - ignored

Warning: Model issue on line 0 :
  .model xrbias:rbody_model r sw_et=0 isnoisy=0 rsh=    3.173885000000000e ...
unrecognized parameter (sw_et) - ignored
unrecognized parameter (isnoisy) - ignored
unrecognized parameter (p2) - ignored
unrecognized parameter (q2) - ignored
unrecognized parameter (p3) - ignored
unrecognized parameter (q3) - ignored

