
Note: Compatibility modes selected: hs a


Circuit: * nebula sky130 sizing point (auto-generated; do not edit by hand)

option SCALE: Scale is set to 1e-06 for instance and model parameters
Doing analysis at TEMP = 0.000000 and TNOM = 27.000000

 Reference value :  0.00000e+00

No. of Data Rows : 1
v(p_bias) = 3.488814924946096e-01
@m.xbpref.msky130_fd_pr__pfet_01v8[id] = 1.696751589363016e-04
@m.xbpfeed.msky130_fd_pr__pfet_01v8[id] = 1.658854277677493e-04
@m.xm1.msky130_fd_pr__nfet_01v8[gm] = 1.043192888963721e-02
@m.xm1.msky130_fd_pr__nfet_01v8[gmbs] = 1.627952684494491e-03
@m.xm1.msky130_fd_pr__nfet_01v8[gds] = 2.036489038981229e-04
@m.xm1.msky130_fd_pr__nfet_01v8[vth] = 7.215557376204820e-01
@m.xm1.msky130_fd_pr__nfet_01v8[vds] = 8.103867156292268e-01
@m.xm1.msky130_fd_pr__nfet_01v8[vdsat] = 1.680283411723427e-01
@m.xm1.msky130_fd_pr__nfet_01v8[vgs] = 9.280147578452140e-01
@m.xm1.msky130_fd_pr__nfet_01v8[id] = 1.296247365482463e-03
v(outp) = 1.383394931011445e+00
v(s1) = 5.730082153822180e-01
i(vdd) = -2.92805533115142e-03
@m.xmt1.msky130_fd_pr__nfet_01v8[id] = 1.296247364330905e-03
@m.xmt1.msky130_fd_pr__nfet_01v8[vds] = 5.730082153822180e-01
@m.xmt1.msky130_fd_pr__nfet_01v8[vdsat] = 1.189713108613233e-01
@m.xmt1.msky130_fd_pr__nfet_01v8[vgs] = 7.237243656683381e-01
@m.xmt1.msky130_fd_pr__nfet_01v8[vth] = 5.975655491830599e-01
@m.xmt1.msky130_fd_pr__nfet_01v8[gm] = 1.771361050855821e-02
@m.xmr.msky130_fd_pr__nfet_01v8[id] = 1.658854280597492e-04
v(nbias) = 7.237243656683381e-01
Doing analysis at TEMP = 0.000000 and TNOM = 27.000000


No. of Data Rows : 251
g_dc                =  -5.366809e+00
g_nyq               =  6.998464e-02
g_pk                =  9.538832e-02 at=  2.187762e+09
g_top               =  -9.801759e+00
Doing analysis at TEMP = 0.000000 and TNOM = 27.000000

Warning: Source conductance reset to 1.0e3 mho.
Warning: Drain conductance reset to 1.0e3 mho.
Warning: Source conductance reset to 1.0e3 mho.
Warning: Drain conductance reset to 1.0e3 mho.
Warning: Source conductance reset to 1.0e3 mho.
Warning: Drain conductance reset to 1.0e3 mho.
Warning: Source conductance reset to 1.0e3 mho.
Warning: Drain conductance reset to 1.0e3 mho.
Warning: Source conductance reset to 1.0e3 mho.
Warning: Drain conductance reset to 1.0e3 mho.
Warning: Source conductance reset to 1.0e3 mho.
Warning: Drain conductance reset to 1.0e3 mho.
Warning: Source conductance reset to 1.0e3 mho.
Warning: Drain conductance reset to 1.0e3 mho.
Warning: Source conductance reset to 1.0e3 mho.
Warning: Drain conductance reset to 1.0e3 mho.
Warning: Source conductance reset to 1.0e3 mho.
Warning: Drain conductance reset to 1.0e3 mho.
Warning: Source conductance reset to 1.0e3 mho.
Warning: Drain conductance reset to 1.0e3 mho.
Warning: Source conductance reset to 1.0e3 mho.
Warning: Drain conductance reset to 1.0e3 mho.
Warning: Source conductance reset to 1.0e3 mho.
Warning: Drain conductance reset to 1.0e3 mho.
Warning: Source conductance reset to 1.0e3 mho.
Warning: Drain conductance reset to 1.0e3 mho.

No. of Data Rows : 54

No. of Data Rows : 1
inoise_total = 5.159310426799652e-04
ngspice-41 done

Warning: Model issue on line 0 :
  .model xatt_sp:rhead_model r sw_et=0 isnoisy=0 rsh=    3.458312000000000 ...
unrecognized parameter (sw_et) - ignored
unrecognized parameter (isnoisy) - ignored
unrecognized parameter (p2) - ignored
unrecognized parameter (q2) - ignored

Warning: Model issue on line 0 :
  .model xatt_sp:rbody_model r sw_et=0 isnoisy=0 rsh=    3.173885000000000 ...
unrecognized parameter (sw_et) - ignored
unrecognized parameter (isnoisy) - ignored
unrecognized parameter (p2) - ignored
unrecognized parameter (q2) - ignored
unrecognized parameter (p3) - ignored
unrecognized parameter (q3) - ignored

Warning: Model issue on line 0 :
  .model xatt_sn:rhead_model r sw_et=0 isnoisy=0 rsh=    3.458312000000000 ...
unrecognized parameter (sw_et) - ignored
unrecognized parameter (isnoisy) - ignored
unrecognized parameter (p2) - ignored
unrecognized parameter (q2) - ignored

Warning: Model issue on line 0 :
  .model xatt_sn:rbody_model r sw_et=0 isnoisy=0 rsh=    3.173885000000000 ...
unrecognized parameter (sw_et) - ignored
unrecognized parameter (isnoisy) - ignored
unrecognized parameter (p2) - ignored
unrecognized parameter (q2) - ignored
unrecognized parameter (p3) - ignored
unrecognized parameter (q3) - ignored

Warning: Model issue on line 0 :
  .model xatt_rp0:rhead_model r sw_et=0 isnoisy=0 rsh=    3.45831200000000 ...
unrecognized parameter (sw_et) - ignored
unrecognized parameter (isnoisy) - ignored
unrecognized parameter (p2) - ignored
unrecognized parameter (q2) - ignored

Warning: Model issue on line 0 :
  .model xatt_rp0:rbody_model r sw_et=0 isnoisy=0 rsh=    3.17388500000000 ...
unrecognized parameter (sw_et) - ignored
unrecognized parameter (isnoisy) - ignored
unrecognized parameter (p2) - ignored
unrecognized parameter (q2) - ignored
unrecognized parameter (p3) - ignored
unrecognized parameter (q3) - ignored

Warning: Model issue on line 0 :
  .model xatt_rn0:rhead_model r sw_et=0 isnoisy=0 rsh=    3.45831200000000 ...
unrecognized parameter (sw_et) - ignored
unrecognized parameter (isnoisy) - ignored
unrecognized parameter (p2) - ignored
unrecognized parameter (q2) - ignored

Warning: Model issue on line 0 :
  .model xatt_rn0:rbody_model r sw_et=0 isnoisy=0 rsh=    3.17388500000000 ...
unrecognized parameter (sw_et) - ignored
unrecognized parameter (isnoisy) - ignored
unrecognized parameter (p2) - ignored
unrecognized parameter (q2) - ignored
unrecognized parameter (p3) - ignored
unrecognized parameter (q3) - ignored

Warning: Model issue on line 0 :
  .model xatt_rp1:rhead_model r sw_et=0 isnoisy=0 rsh=    3.45831200000000 ...
unrecognized parameter (sw_et) - ignored
unrecognized parameter (isnoisy) - ignored
unrecognized parameter (p2) - ignored
unrecognized parameter (q2) - ignored

Warning: Model issue on line 0 :
  .model xatt_rp1:rbody_model r sw_et=0 isnoisy=0 rsh=    3.17388500000000 ...
unrecognized parameter (sw_et) - ignored
unrecognized parameter (isnoisy) - ignored
unrecognized parameter (p2) - ignored
unrecognized parameter (q2) - ignored
unrecognized parameter (p3) - ignored
unrecognized parameter (q3) - ignored

Warning: Model issue on line 0 :
  .model xatt_rn1:rhead_model r sw_et=0 isnoisy=0 rsh=    3.45831200000000 ...
unrecognized parameter (sw_et) - ignored
unrecognized parameter (isnoisy) - ignored
unrecognized parameter (p2) - ignored
unrecognized parameter (q2) - ignored

Warning: Model issue on line 0 :
  .model xatt_rn1:rbody_model r sw_et=0 isnoisy=0 rsh=    3.17388500000000 ...
unrecognized parameter (sw_et) - ignored
unrecognized parameter (isnoisy) - ignored
unrecognized parameter (p2) - ignored
unrecognized parameter (q2) - ignored
unrecognized parameter (p3) - ignored
unrecognized parameter (q3) - ignored

Warning: Model issue on line 0 :
  .model xatt_rp2:rhead_model r sw_et=0 isnoisy=0 rsh=    3.45831200000000 ...
unrecognized parameter (sw_et) - ignored
unrecognized parameter (isnoisy) - ignored
unrecognized parameter (p2) - ignored
unrecognized parameter (q2) - ignored

Warning: Model issue on line 0 :
  .model xatt_rp2:rbody_model r sw_et=0 isnoisy=0 rsh=    3.17388500000000 ...
unrecognized parameter (sw_et) - ignored
unrecognized parameter (isnoisy) - ignored
unrecognized parameter (p2) - ignored
unrecognized parameter (q2) - ignored
unrecognized parameter (p3) - ignored
unrecognized parameter (q3) - ignored

Warning: Model issue on line 0 :
  .model xatt_rn2:rhead_model r sw_et=0 isnoisy=0 rsh=    3.45831200000000 ...
unrecognized parameter (sw_et) - ignored
unrecognized parameter (isnoisy) - ignored
unrecognized parameter (p2) - ignored
unrecognized parameter (q2) - ignored

Warning: Model issue on line 0 :
  .model xatt_rn2:rbody_model r sw_et=0 isnoisy=0 rsh=    3.17388500000000 ...
unrecognized parameter (sw_et) - ignored
unrecognized parameter (isnoisy) - ignored
unrecognized parameter (p2) - ignored
unrecognized parameter (q2) - ignored
unrecognized parameter (p3) - ignored
unrecognized parameter (q3) - ignored

Warning: Model issue on line 0 :
  .model xrlp:rhead_model r sw_et=0 isnoisy=0 rsh=    3.458312000000000e+0 ...
unrecognized parameter (sw_et) - ignored
unrecognized parameter (isnoisy) - ignored
unrecognized parameter (p2) - ignored
unrecognized parameter (q2) - ignored

Warning: Model issue on line 0 :
  .model xrlp:rbody_model r sw_et=0 isnoisy=0 rsh=    3.173885000000000e+0 ...
unrecognized parameter (sw_et) - ignored
unrecognized parameter (isnoisy) - ignored
unrecognized parameter (p2) - ignored
unrecognized parameter (q2) - ignored
unrecognized parameter (p3) - ignored
unrecognized parameter (q3) - ignored

Warning: Model issue on line 0 :
  .model xrln:rhead_model r sw_et=0 isnoisy=0 rsh=    3.458312000000000e+0 ...
unrecognized parameter (sw_et) - ignored
unrecognized parameter (isnoisy) - ignored
unrecognized parameter (p2) - ignored
unrecognized parameter (q2) - ignored

Warning: Model issue on line 0 :
  .model xrln:rbody_model r sw_et=0 isnoisy=0 rsh=    3.173885000000000e+0 ...
unrecognized parameter (sw_et) - ignored
unrecognized parameter (isnoisy) - ignored
unrecognized parameter (p2) - ignored
unrecognized parameter (q2) - ignored
unrecognized parameter (p3) - ignored
unrecognized parameter (q3) - ignored

Warning: Model issue on line 0 :
  .model xrs:rhead_model r sw_et=0 isnoisy=0 rsh=    3.458312000000000e+02 ...
unrecognized parameter (sw_et) - ignored
unrecognized parameter (isnoisy) - ignored
unrecognized parameter (p2) - ignored
unrecognized parameter (q2) - ignored

Warning: Model issue on line 0 :
  .model xrs:rbody_model r sw_et=0 isnoisy=0 rsh=    3.173885000000000e+02 ...
unrecognized parameter (sw_et) - ignored
unrecognized parameter (isnoisy) - ignored
unrecognized parameter (p2) - ignored
unrecognized parameter (q2) - ignored
unrecognized parameter (p3) - ignored
unrecognized parameter (q3) - ignored

Warning: Model issue on line 0 :
  .model xrbias:rhead_model r sw_et=0 isnoisy=0 rsh=    3.458312000000000e ...
unrecognized parameter (sw_et) - ignored
unrecognized parameter (isnoisy) - ignored
unrecognized parameter (p2) - ignored
unrecognized parameter (q2) - ignored

Warning: Model issue on line 0 :
  .model xrbias:rbody_model r sw_et=0 isnoisy=0 rsh=    3.173885000000000e ...
unrecognized parameter (sw_et) - ignored
unrecognized parameter (isnoisy) - ignored
unrecognized parameter (p2) - ignored
unrecognized parameter (q2) - ignored
unrecognized parameter (p3) - ignored
unrecognized parameter (q3) - ignored

