
Note: Compatibility modes selected: hs a


Circuit: * nebula sky130 sizing point (auto-generated; do not edit by hand)

option SCALE: Scale is set to 1e-06 for instance and model parameters
Doing analysis at TEMP = 27.000000 and TNOM = 27.000000


No. of Data Rows : 1
v(p_bias) = 4.320103863477369e-01
@m.xbpref.msky130_fd_pr__pfet_01v8[id] = 2.084792497331781e-04
@m.xbpfeed.msky130_fd_pr__pfet_01v8[id] = 2.039925004090459e-04
@m.xm1.msky130_fd_pr__nfet_01v8[gm] = 1.041755719306334e-02
@m.xm1.msky130_fd_pr__nfet_01v8[gmbs] = 1.694948503882414e-03
@m.xm1.msky130_fd_pr__nfet_01v8[gds] = 2.492191128247487e-04
@m.xm1.msky130_fd_pr__nfet_01v8[vth] = 7.020945734175725e-01
@m.xm1.msky130_fd_pr__nfet_01v8[vds] = 7.639160214262527e-01
@m.xm1.msky130_fd_pr__nfet_01v8[vdsat] = 1.978035949097302e-01
@m.xm1.msky130_fd_pr__nfet_01v8[vgs] = 9.583663840035238e-01
@m.xm1.msky130_fd_pr__nfet_01v8[id] = 1.584393853390265e-03
v(outp) = 1.306572610646645e+00
v(s1) = 5.426565892203922e-01
i(vdd) = -3.58125946039254e-03
@m.xmt1.msky130_fd_pr__nfet_01v8[id] = 1.584393848683226e-03
@m.xmt1.msky130_fd_pr__nfet_01v8[vds] = 5.426565892203922e-01
@m.xmt1.msky130_fd_pr__nfet_01v8[vdsat] = 1.402696081876936e-01
@m.xmt1.msky130_fd_pr__nfet_01v8[vgs] = 7.376448230848195e-01
@m.xmt1.msky130_fd_pr__nfet_01v8[vth] = 5.782223635306987e-01
@m.xmt1.msky130_fd_pr__nfet_01v8[gm] = 1.856153883973405e-02
@m.xmr.msky130_fd_pr__nfet_01v8[id] = 2.039925006640522e-04
v(nbias) = 7.376448230848195e-01
Doing analysis at TEMP = 27.000000 and TNOM = 27.000000


No. of Data Rows : 251
g_dc                =  -8.997323e+00
g_nyq               =  -1.741270e-01
g_pk                =  -6.875347e-02 at=  1.819701e+09
g_top               =  -9.867799e+00
Doing analysis at TEMP = 27.000000 and TNOM = 27.000000

Warning: Source conductance reset to 1.0e3 mho.
Warning: Drain conductance reset to 1.0e3 mho.
Warning: Source conductance reset to 1.0e3 mho.
Warning: Drain conductance reset to 1.0e3 mho.
Warning: Source conductance reset to 1.0e3 mho.
Warning: Drain conductance reset to 1.0e3 mho.
Warning: Source conductance reset to 1.0e3 mho.
Warning: Drain conductance reset to 1.0e3 mho.
Warning: Source conductance reset to 1.0e3 mho.
Warning: Drain conductance reset to 1.0e3 mho.
Warning: Source conductance reset to 1.0e3 mho.
Warning: Drain conductance reset to 1.0e3 mho.
Warning: Source conductance reset to 1.0e3 mho.
Warning: Drain conductance reset to 1.0e3 mho.
Warning: Source conductance reset to 1.0e3 mho.
Warning: Drain conductance reset to 1.0e3 mho.
Warning: Source conductance reset to 1.0e3 mho.
Warning: Drain conductance reset to 1.0e3 mho.
Warning: Source conductance reset to 1.0e3 mho.
Warning: Drain conductance reset to 1.0e3 mho.
Warning: Source conductance reset to 1.0e3 mho.
Warning: Drain conductance reset to 1.0e3 mho.
Warning: Source conductance reset to 1.0e3 mho.
Warning: Drain conductance reset to 1.0e3 mho.
Warning: Source conductance reset to 1.0e3 mho.
Warning: Drain conductance reset to 1.0e3 mho.

No. of Data Rows : 54

No. of Data Rows : 1
inoise_total = 5.923215412757609e-04
ngspice-41 done

Warning: Model issue on line 0 :
  .model xatt_sp:rhead_model r sw_et=0 isnoisy=0 rsh=    3.458312000000000 ...
unrecognized parameter (sw_et) - ignored
unrecognized parameter (isnoisy) - ignored
unrecognized parameter (p2) - ignored
unrecognized parameter (q2) - ignored

Warning: Model issue on line 0 :
  .model xatt_sp:rbody_model r sw_et=0 isnoisy=0 rsh=    3.173885000000000 ...
unrecognized parameter (sw_et) - ignored
unrecognized parameter (isnoisy) - ignored
unrecognized parameter (p2) - ignored
unrecognized parameter (q2) - ignored
unrecognized parameter (p3) - ignored
unrecognized parameter (q3) - ignored

Warning: Model issue on line 0 :
  .model xatt_sn:rhead_model r sw_et=0 isnoisy=0 rsh=    3.458312000000000 ...
unrecognized parameter (sw_et) - ignored
unrecognized parameter (isnoisy) - ignored
unrecognized parameter (p2) - ignored
unrecognized parameter (q2) - ignored

Warning: Model issue on line 0 :
  .model xatt_sn:rbody_model r sw_et=0 isnoisy=0 rsh=    3.173885000000000 ...
unrecognized parameter (sw_et) - ignored
unrecognized parameter (isnoisy) - ignored
unrecognized parameter (p2) - ignored
unrecognized parameter (q2) - ignored
unrecognized parameter (p3) - ignored
unrecognized parameter (q3) - ignored

Warning: Model issue on line 0 :
  .model xatt_rp0:rhead_model r sw_et=0 isnoisy=0 rsh=    3.45831200000000 ...
unrecognized parameter (sw_et) - ignored
unrecognized parameter (isnoisy) - ignored
unrecognized parameter (p2) - ignored
unrecognized parameter (q2) - ignored

Warning: Model issue on line 0 :
  .model xatt_rp0:rbody_model r sw_et=0 isnoisy=0 rsh=    3.17388500000000 ...
unrecognized parameter (sw_et) - ignored
unrecognized parameter (isnoisy) - ignored
unrecognized parameter (p2) - ignored
unrecognized parameter (q2) - ignored
unrecognized parameter (p3) - ignored
unrecognized parameter (q3) - ignored

Warning: Model issue on line 0 :
  .model xatt_rn0:rhead_model r sw_et=0 isnoisy=0 rsh=    3.45831200000000 ...
unrecognized parameter (sw_et) - ignored
unrecognized parameter (isnoisy) - ignored
unrecognized parameter (p2) - ignored
unrecognized parameter (q2) - ignored

Warning: Model issue on line 0 :
  .model xatt_rn0:rbody_model r sw_et=0 isnoisy=0 rsh=    3.17388500000000 ...
unrecognized parameter (sw_et) - ignored
unrecognized parameter (isnoisy) - ignored
unrecognized parameter (p2) - ignored
unrecognized parameter (q2) - ignored
unrecognized parameter (p3) - ignored
unrecognized parameter (q3) - ignored

Warning: Model issue on line 0 :
  .model xatt_rp1:rhead_model r sw_et=0 isnoisy=0 rsh=    3.45831200000000 ...
unrecognized parameter (sw_et) - ignored
unrecognized parameter (isnoisy) - ignored
unrecognized parameter (p2) - ignored
unrecognized parameter (q2) - ignored

Warning: Model issue on line 0 :
  .model xatt_rp1:rbody_model r sw_et=0 isnoisy=0 rsh=    3.17388500000000 ...
unrecognized parameter (sw_et) - ignored
unrecognized parameter (isnoisy) - ignored
unrecognized parameter (p2) - ignored
unrecognized parameter (q2) - ignored
unrecognized parameter (p3) - ignored
unrecognized parameter (q3) - ignored

Warning: Model issue on line 0 :
  .model xatt_rn1:rhead_model r sw_et=0 isnoisy=0 rsh=    3.45831200000000 ...
unrecognized parameter (sw_et) - ignored
unrecognized parameter (isnoisy) - ignored
unrecognized parameter (p2) - ignored
unrecognized parameter (q2) - ignored

Warning: Model issue on line 0 :
  .model xatt_rn1:rbody_model r sw_et=0 isnoisy=0 rsh=    3.17388500000000 ...
unrecognized parameter (sw_et) - ignored
unrecognized parameter (isnoisy) - ignored
unrecognized parameter (p2) - ignored
unrecognized parameter (q2) - ignored
unrecognized parameter (p3) - ignored
unrecognized parameter (q3) - ignored

Warning: Model issue on line 0 :
  .model xatt_rp2:rhead_model r sw_et=0 isnoisy=0 rsh=    3.45831200000000 ...
unrecognized parameter (sw_et) - ignored
unrecognized parameter (isnoisy) - ignored
unrecognized parameter (p2) - ignored
unrecognized parameter (q2) - ignored

Warning: Model issue on line 0 :
  .model xatt_rp2:rbody_model r sw_et=0 isnoisy=0 rsh=    3.17388500000000 ...
unrecognized parameter (sw_et) - ignored
unrecognized parameter (isnoisy) - ignored
unrecognized parameter (p2) - ignored
unrecognized parameter (q2) - ignored
unrecognized parameter (p3) - ignored
unrecognized parameter (q3) - ignored

Warning: Model issue on line 0 :
  .model xatt_rn2:rhead_model r sw_et=0 isnoisy=0 rsh=    3.45831200000000 ...
unrecognized parameter (sw_et) - ignored
unrecognized parameter (isnoisy) - ignored
unrecognized parameter (p2) - ignored
unrecognized parameter (q2) - ignored

Warning: Model issue on line 0 :
  .model xatt_rn2:rbody_model r sw_et=0 isnoisy=0 rsh=    3.17388500000000 ...
unrecognized parameter (sw_et) - ignored
unrecognized parameter (isnoisy) - ignored
unrecognized parameter (p2) - ignored
unrecognized parameter (q2) - ignored
unrecognized parameter (p3) - ignored
unrecognized parameter (q3) - ignored

Warning: Model issue on line 0 :
  .model xrlp:rhead_model r sw_et=0 isnoisy=0 rsh=    3.458312000000000e+0 ...
unrecognized parameter (sw_et) - ignored
unrecognized parameter (isnoisy) - ignored
unrecognized parameter (p2) - ignored
unrecognized parameter (q2) - ignored

Warning: Model issue on line 0 :
  .model xrlp:rbody_model r sw_et=0 isnoisy=0 rsh=    3.173885000000000e+0 ...
unrecognized parameter (sw_et) - ignored
unrecognized parameter (isnoisy) - ignored
unrecognized parameter (p2) - ignored
unrecognized parameter (q2) - ignored
unrecognized parameter (p3) - ignored
unrecognized parameter (q3) - ignored

Warning: Model issue on line 0 :
  .model xrln:rhead_model r sw_et=0 isnoisy=0 rsh=    3.458312000000000e+0 ...
unrecognized parameter (sw_et) - ignored
unrecognized parameter (isnoisy) - ignored
unrecognized parameter (p2) - ignored
unrecognized parameter (q2) - ignored

Warning: Model issue on line 0 :
  .model xrln:rbody_model r sw_et=0 isnoisy=0 rsh=    3.173885000000000e+0 ...
unrecognized parameter (sw_et) - ignored
unrecognized parameter (isnoisy) - ignored
unrecognized parameter (p2) - ignored
unrecognized parameter (q2) - ignored
unrecognized parameter (p3) - ignored
unrecognized parameter (q3) - ignored

Warning: Model issue on line 0 :
  .model xrs:rhead_model r sw_et=0 isnoisy=0 rsh=    3.458312000000000e+02 ...
unrecognized parameter (sw_et) - ignored
unrecognized parameter (isnoisy) - ignored
unrecognized parameter (p2) - ignored
unrecognized parameter (q2) - ignored

Warning: Model issue on line 0 :
  .model xrs:rbody_model r sw_et=0 isnoisy=0 rsh=    3.173885000000000e+02 ...
unrecognized parameter (sw_et) - ignored
unrecognized parameter (isnoisy) - ignored
unrecognized parameter (p2) - ignored
unrecognized parameter (q2) - ignored
unrecognized parameter (p3) - ignored
unrecognized parameter (q3) - ignored

Warning: Model issue on line 0 :
  .model xrbias:rhead_model r sw_et=0 isnoisy=0 rsh=    3.458312000000000e ...
unrecognized parameter (sw_et) - ignored
unrecognized parameter (isnoisy) - ignored
unrecognized parameter (p2) - ignored
unrecognized parameter (q2) - ignored

Warning: Model issue on line 0 :
  .model xrbias:rbody_model r sw_et=0 isnoisy=0 rsh=    3.173885000000000e ...
unrecognized parameter (sw_et) - ignored
unrecognized parameter (isnoisy) - ignored
unrecognized parameter (p2) - ignored
unrecognized parameter (q2) - ignored
unrecognized parameter (p3) - ignored
unrecognized parameter (q3) - ignored

