
Note: Compatibility modes selected: hs a


Circuit: * nebula sky130 sizing point (auto-generated; do not edit by hand)

option SCALE: Scale is set to 1e-06 for instance and model parameters
Doing analysis at TEMP = 27.000000 and TNOM = 27.000000

 Reference value :  0.00000e+00

No. of Data Rows : 1
v(p_bias) = 5.689633240306144e-01
@m.xbpref.msky130_fd_pr__pfet_01v8[id] = 2.745698963658751e-04
@m.xbpfeed.msky130_fd_pr__pfet_01v8[id] = 2.698127360737642e-04
@m.xm1.msky130_fd_pr__nfet_01v8[gm] = 1.023100138803466e-02
@m.xm1.msky130_fd_pr__nfet_01v8[gmbs] = 1.880294333684644e-03
@m.xm1.msky130_fd_pr__nfet_01v8[gds] = 2.140970858660680e-04
@m.xm1.msky130_fd_pr__nfet_01v8[vth] = 7.338830513953596e-01
@m.xm1.msky130_fd_pr__nfet_01v8[vds] = 9.417716330515760e-01
@m.xm1.msky130_fd_pr__nfet_01v8[vdsat] = 2.465398183289627e-01
@m.xm1.msky130_fd_pr__nfet_01v8[vgs] = 1.072102675369875e+00
@m.xm1.msky130_fd_pr__nfet_01v8[id] = 2.039495909839734e-03
v(outp) = 1.370691930971993e+00
v(s1) = 4.289202979204170e-01
i(vdd) = -4.62337446793087e-03
@m.xmt1.msky130_fd_pr__nfet_01v8[id] = 2.039495908970162e-03
@m.xmt1.msky130_fd_pr__nfet_01v8[vds] = 4.289202979204170e-01
@m.xmt1.msky130_fd_pr__nfet_01v8[vdsat] = 1.698270794271675e-01
@m.xmt1.msky130_fd_pr__nfet_01v8[vgs] = 8.269400588422036e-01
@m.xmt1.msky130_fd_pr__nfet_01v8[vth] = 6.179993333181736e-01
@m.xmt1.msky130_fd_pr__nfet_01v8[gm] = 1.863380955384906e-02
@m.xmr.msky130_fd_pr__nfet_01v8[id] = 2.698127363218298e-04
v(nbias) = 8.269400588422036e-01
Doing analysis at TEMP = 27.000000 and TNOM = 27.000000


No. of Data Rows : 251
g_dc                =  -4.851025e+00
g_nyq               =  1.545497e+00
g_pk                =  1.633769e+00 at=  1.995262e+09
g_top               =  -1.055901e+01
Doing analysis at TEMP = 27.000000 and TNOM = 27.000000

Warning: Source conductance reset to 1.0e3 mho.
Warning: Drain conductance reset to 1.0e3 mho.
Warning: Source conductance reset to 1.0e3 mho.
Warning: Drain conductance reset to 1.0e3 mho.
Warning: Source conductance reset to 1.0e3 mho.
Warning: Drain conductance reset to 1.0e3 mho.
Warning: Source conductance reset to 1.0e3 mho.
Warning: Drain conductance reset to 1.0e3 mho.
Warning: Source conductance reset to 1.0e3 mho.
Warning: Drain conductance reset to 1.0e3 mho.
Warning: Source conductance reset to 1.0e3 mho.
Warning: Drain conductance reset to 1.0e3 mho.
Warning: Source conductance reset to 1.0e3 mho.
Warning: Drain conductance reset to 1.0e3 mho.
Warning: Source conductance reset to 1.0e3 mho.
Warning: Drain conductance reset to 1.0e3 mho.
Warning: Source conductance reset to 1.0e3 mho.
Warning: Drain conductance reset to 1.0e3 mho.
Warning: Source conductance reset to 1.0e3 mho.
Warning: Drain conductance reset to 1.0e3 mho.
Warning: Source conductance reset to 1.0e3 mho.
Warning: Drain conductance reset to 1.0e3 mho.
Warning: Source conductance reset to 1.0e3 mho.
Warning: Drain conductance reset to 1.0e3 mho.
Warning: Source conductance reset to 1.0e3 mho.
Warning: Drain conductance reset to 1.0e3 mho.

No. of Data Rows : 54

No. of Data Rows : 1
inoise_total = 4.941171410124630e-04
ngspice-41 done

Warning: Model issue on line 0 :
  .model xatt_sp:rhead_model r sw_et=0 isnoisy=0 rsh=    3.458312000000000 ...
unrecognized parameter (sw_et) - ignored
unrecognized parameter (isnoisy) - ignored
unrecognized parameter (p2) - ignored
unrecognized parameter (q2) - ignored

Warning: Model issue on line 0 :
  .model xatt_sp:rbody_model r sw_et=0 isnoisy=0 rsh=    3.173885000000000 ...
unrecognized parameter (sw_et) - ignored
unrecognized parameter (isnoisy) - ignored
unrecognized parameter (p2) - ignored
unrecognized parameter (q2) - ignored
unrecognized parameter (p3) - ignored
unrecognized parameter (q3) - ignored

Warning: Model issue on line 0 :
  .model xatt_sn:rhead_model r sw_et=0 isnoisy=0 rsh=    3.458312000000000 ...
unrecognized parameter (sw_et) - ignored
unrecognized parameter (isnoisy) - ignored
unrecognized parameter (p2) - ignored
unrecognized parameter (q2) - ignored

Warning: Model issue on line 0 :
  .model xatt_sn:rbody_model r sw_et=0 isnoisy=0 rsh=    3.173885000000000 ...
unrecognized parameter (sw_et) - ignored
unrecognized parameter (isnoisy) - ignored
unrecognized parameter (p2) - ignored
unrecognized parameter (q2) - ignored
unrecognized parameter (p3) - ignored
unrecognized parameter (q3) - ignored

Warning: Model issue on line 0 :
  .model xatt_rp0:rhead_model r sw_et=0 isnoisy=0 rsh=    3.45831200000000 ...
unrecognized parameter (sw_et) - ignored
unrecognized parameter (isnoisy) - ignored
unrecognized parameter (p2) - ignored
unrecognized parameter (q2) - ignored

Warning: Model issue on line 0 :
  .model xatt_rp0:rbody_model r sw_et=0 isnoisy=0 rsh=    3.17388500000000 ...
unrecognized parameter (sw_et) - ignored
unrecognized parameter (isnoisy) - ignored
unrecognized parameter (p2) - ignored
unrecognized parameter (q2) - ignored
unrecognized parameter (p3) - ignored
unrecognized parameter (q3) - ignored

Warning: Model issue on line 0 :
  .model xatt_rn0:rhead_model r sw_et=0 isnoisy=0 rsh=    3.45831200000000 ...
unrecognized parameter (sw_et) - ignored
unrecognized parameter (isnoisy) - ignored
unrecognized parameter (p2) - ignored
unrecognized parameter (q2) - ignored

Warning: Model issue on line 0 :
  .model xatt_rn0:rbody_model r sw_et=0 isnoisy=0 rsh=    3.17388500000000 ...
unrecognized parameter (sw_et) - ignored
unrecognized parameter (isnoisy) - ignored
unrecognized parameter (p2) - ignored
unrecognized parameter (q2) - ignored
unrecognized parameter (p3) - ignored
unrecognized parameter (q3) - ignored

Warning: Model issue on line 0 :
  .model xatt_rp1:rhead_model r sw_et=0 isnoisy=0 rsh=    3.45831200000000 ...
unrecognized parameter (sw_et) - ignored
unrecognized parameter (isnoisy) - ignored
unrecognized parameter (p2) - ignored
unrecognized parameter (q2) - ignored

Warning: Model issue on line 0 :
  .model xatt_rp1:rbody_model r sw_et=0 isnoisy=0 rsh=    3.17388500000000 ...
unrecognized parameter (sw_et) - ignored
unrecognized parameter (isnoisy) - ignored
unrecognized parameter (p2) - ignored
unrecognized parameter (q2) - ignored
unrecognized parameter (p3) - ignored
unrecognized parameter (q3) - ignored

Warning: Model issue on line 0 :
  .model xatt_rn1:rhead_model r sw_et=0 isnoisy=0 rsh=    3.45831200000000 ...
unrecognized parameter (sw_et) - ignored
unrecognized parameter (isnoisy) - ignored
unrecognized parameter (p2) - ignored
unrecognized parameter (q2) - ignored

Warning: Model issue on line 0 :
  .model xatt_rn1:rbody_model r sw_et=0 isnoisy=0 rsh=    3.17388500000000 ...
unrecognized parameter (sw_et) - ignored
unrecognized parameter (isnoisy) - ignored
unrecognized parameter (p2) - ignored
unrecognized parameter (q2) - ignored
unrecognized parameter (p3) - ignored
unrecognized parameter (q3) - ignored

Warning: Model issue on line 0 :
  .model xatt_rp2:rhead_model r sw_et=0 isnoisy=0 rsh=    3.45831200000000 ...
unrecognized parameter (sw_et) - ignored
unrecognized parameter (isnoisy) - ignored
unrecognized parameter (p2) - ignored
unrecognized parameter (q2) - ignored

Warning: Model issue on line 0 :
  .model xatt_rp2:rbody_model r sw_et=0 isnoisy=0 rsh=    3.17388500000000 ...
unrecognized parameter (sw_et) - ignored
unrecognized parameter (isnoisy) - ignored
unrecognized parameter (p2) - ignored
unrecognized parameter (q2) - ignored
unrecognized parameter (p3) - ignored
unrecognized parameter (q3) - ignored

Warning: Model issue on line 0 :
  .model xatt_rn2:rhead_model r sw_et=0 isnoisy=0 rsh=    3.45831200000000 ...
unrecognized parameter (sw_et) - ignored
unrecognized parameter (isnoisy) - ignored
unrecognized parameter (p2) - ignored
unrecognized parameter (q2) - ignored

Warning: Model issue on line 0 :
  .model xatt_rn2:rbody_model r sw_et=0 isnoisy=0 rsh=    3.17388500000000 ...
unrecognized parameter (sw_et) - ignored
unrecognized parameter (isnoisy) - ignored
unrecognized parameter (p2) - ignored
unrecognized parameter (q2) - ignored
unrecognized parameter (p3) - ignored
unrecognized parameter (q3) - ignored

Warning: Model issue on line 0 :
  .model xrlp:rhead_model r sw_et=0 isnoisy=0 rsh=    3.458312000000000e+0 ...
unrecognized parameter (sw_et) - ignored
unrecognized parameter (isnoisy) - ignored
unrecognized parameter (p2) - ignored
unrecognized parameter (q2) - ignored

Warning: Model issue on line 0 :
  .model xrlp:rbody_model r sw_et=0 isnoisy=0 rsh=    3.173885000000000e+0 ...
unrecognized parameter (sw_et) - ignored
unrecognized parameter (isnoisy) - ignored
unrecognized parameter (p2) - ignored
unrecognized parameter (q2) - ignored
unrecognized parameter (p3) - ignored
unrecognized parameter (q3) - ignored

Warning: Model issue on line 0 :
  .model xrln:rhead_model r sw_et=0 isnoisy=0 rsh=    3.458312000000000e+0 ...
unrecognized parameter (sw_et) - ignored
unrecognized parameter (isnoisy) - ignored
unrecognized parameter (p2) - ignored
unrecognized parameter (q2) - ignored

Warning: Model issue on line 0 :
  .model xrln:rbody_model r sw_et=0 isnoisy=0 rsh=    3.173885000000000e+0 ...
unrecognized parameter (sw_et) - ignored
unrecognized parameter (isnoisy) - ignored
unrecognized parameter (p2) - ignored
unrecognized parameter (q2) - ignored
unrecognized parameter (p3) - ignored
unrecognized parameter (q3) - ignored

Warning: Model issue on line 0 :
  .model xrs:rhead_model r sw_et=0 isnoisy=0 rsh=    3.458312000000000e+02 ...
unrecognized parameter (sw_et) - ignored
unrecognized parameter (isnoisy) - ignored
unrecognized parameter (p2) - ignored
unrecognized parameter (q2) - ignored

Warning: Model issue on line 0 :
  .model xrs:rbody_model r sw_et=0 isnoisy=0 rsh=    3.173885000000000e+02 ...
unrecognized parameter (sw_et) - ignored
unrecognized parameter (isnoisy) - ignored
unrecognized parameter (p2) - ignored
unrecognized parameter (q2) - ignored
unrecognized parameter (p3) - ignored
unrecognized parameter (q3) - ignored

Warning: Model issue on line 0 :
  .model xrbias:rhead_model r sw_et=0 isnoisy=0 rsh=    3.458312000000000e ...
unrecognized parameter (sw_et) - ignored
unrecognized parameter (isnoisy) - ignored
unrecognized parameter (p2) - ignored
unrecognized parameter (q2) - ignored

Warning: Model issue on line 0 :
  .model xrbias:rbody_model r sw_et=0 isnoisy=0 rsh=    3.173885000000000e ...
unrecognized parameter (sw_et) - ignored
unrecognized parameter (isnoisy) - ignored
unrecognized parameter (p2) - ignored
unrecognized parameter (q2) - ignored
unrecognized parameter (p3) - ignored
unrecognized parameter (q3) - ignored

