Warning: m=xx on .subckt line will override multiplier m hierarchy!


Note: Compatibility modes selected: hs a


Circuit: * entry 128 physical configurable rc screening, standalone ctle

option SCALE: Scale is set to 1e-06 for instance and model parameters
Warning: Model issue on line 0 :
  .model xcase0.xatt_sp:rhead_model r sw_et=0 isnoisy=0 rsh=    3.45831200 ...
unrecognized parameter (sw_et) - ignored
unrecognized parameter (isnoisy) - ignored
unrecognized parameter (p2) - ignored
unrecognized parameter (q2) - ignored

Warning: Model issue on line 0 :
  .model xcase0.xatt_sp:rbody_model r sw_et=0 isnoisy=0 rsh=    3.17388500 ...
unrecognized parameter (sw_et) - ignored
unrecognized parameter (isnoisy) - ignored
unrecognized parameter (p2) - ignored
unrecognized parameter (q2) - ignored
unrecognized parameter (p3) - ignored
unrecognized parameter (q3) - ignored

Warning: Model issue on line 0 :
  .model xcase0.xatt_sn:rhead_model r sw_et=0 isnoisy=0 rsh=    3.45831200 ...
unrecognized parameter (sw_et) - ignored
unrecognized parameter (isnoisy) - ignored
unrecognized parameter (p2) - ignored
unrecognized parameter (q2) - ignored

Warning: Model issue on line 0 :
  .model xcase0.xatt_sn:rbody_model r sw_et=0 isnoisy=0 rsh=    3.17388500 ...
unrecognized parameter (sw_et) - ignored
unrecognized parameter (isnoisy) - ignored
unrecognized parameter (p2) - ignored
unrecognized parameter (q2) - ignored
unrecognized parameter (p3) - ignored
unrecognized parameter (q3) - ignored

Warning: Model issue on line 0 :
  .model xcase0.xatt_rp0:rhead_model r sw_et=0 isnoisy=0 rsh=    3.4583120 ...
unrecognized parameter (sw_et) - ignored
unrecognized parameter (isnoisy) - ignored
unrecognized parameter (p2) - ignored
unrecognized parameter (q2) - ignored

Warning: Model issue on line 0 :
  .model xcase0.xatt_rp0:rbody_model r sw_et=0 isnoisy=0 rsh=    3.1738850 ...
unrecognized parameter (sw_et) - ignored
unrecognized parameter (isnoisy) - ignored
unrecognized parameter (p2) - ignored
unrecognized parameter (q2) - ignored
unrecognized parameter (p3) - ignored
unrecognized parameter (q3) - ignored

Warning: Model issue on line 0 :
  .model xcase0.xatt_rn0:rhead_model r sw_et=0 isnoisy=0 rsh=    3.4583120 ...
unrecognized parameter (sw_et) - ignored
unrecognized parameter (isnoisy) - ignored
unrecognized parameter (p2) - ignored
unrecognized parameter (q2) - ignored

Warning: Model issue on line 0 :
  .model xcase0.xatt_rn0:rbody_model r sw_et=0 isnoisy=0 rsh=    3.1738850 ...
unrecognized parameter (sw_et) - ignored
unrecognized parameter (isnoisy) - ignored
unrecognized parameter (p2) - ignored
unrecognized parameter (q2) - ignored
unrecognized parameter (p3) - ignored
unrecognized parameter (q3) - ignored

Warning: Model issue on line 0 :
  .model xcase0.xatt_rp1:rhead_model r sw_et=0 isnoisy=0 rsh=    3.4583120 ...
unrecognized parameter (sw_et) - ignored
unrecognized parameter (isnoisy) - ignored
unrecognized parameter (p2) - ignored
unrecognized parameter (q2) - ignored

Warning: Model issue on line 0 :
  .model xcase0.xatt_rp1:rbody_model r sw_et=0 isnoisy=0 rsh=    3.1738850 ...
unrecognized parameter (sw_et) - ignored
unrecognized parameter (isnoisy) - ignored
unrecognized parameter (p2) - ignored
unrecognized parameter (q2) - ignored
unrecognized parameter (p3) - ignored
unrecognized parameter (q3) - ignored

Warning: Model issue on line 0 :
  .model xcase0.xatt_rn1:rhead_model r sw_et=0 isnoisy=0 rsh=    3.4583120 ...
unrecognized parameter (sw_et) - ignored
unrecognized parameter (isnoisy) - ignored
unrecognized parameter (p2) - ignored
unrecognized parameter (q2) - ignored

Warning: Model issue on line 0 :
  .model xcase0.xatt_rn1:rbody_model r sw_et=0 isnoisy=0 rsh=    3.1738850 ...
unrecognized parameter (sw_et) - ignored
unrecognized parameter (isnoisy) - ignored
unrecognized parameter (p2) - ignored
unrecognized parameter (q2) - ignored
unrecognized parameter (p3) - ignored
unrecognized parameter (q3) - ignored

Warning: Model issue on line 0 :
  .model xcase0.xatt_rp2:rhead_model r sw_et=0 isnoisy=0 rsh=    3.4583120 ...
unrecognized parameter (sw_et) - ignored
unrecognized parameter (isnoisy) - ignored
unrecognized parameter (p2) - ignored
unrecognized parameter (q2) - ignored

Warning: Model issue on line 0 :
  .model xcase0.xatt_rp2:rbody_model r sw_et=0 isnoisy=0 rsh=    3.1738850 ...
unrecognized parameter (sw_et) - ignored
unrecognized parameter (isnoisy) - ignored
unrecognized parameter (p2) - ignored
unrecognized parameter (q2) - ignored
unrecognized parameter (p3) - ignored
unrecognized parameter (q3) - ignored

Warning: Model issue on line 0 :
  .model xcase0.xatt_rn2:rhead_model r sw_et=0 isnoisy=0 rsh=    3.4583120 ...
unrecognized parameter (sw_et) - ignored
unrecognized parameter (isnoisy) - ignored
unrecognized parameter (p2) - ignored
unrecognized parameter (q2) - ignored

Warning: Model issue on line 0 :
  .model xcase0.xatt_rn2:rbody_model r sw_et=0 isnoisy=0 rsh=    3.1738850 ...
unrecognized parameter (sw_et) - ignored
unrecognized parameter (isnoisy) - ignored
unrecognized parameter (p2) - ignored
unrecognized parameter (q2) - ignored
unrecognized parameter (p3) - ignored
unrecognized parameter (q3) - ignored

Warning: Model issue on line 0 :
  .model xcase0.xrlp:rhead_model r sw_et=0 isnoisy=0 rsh=    3.45831200000 ...
unrecognized parameter (sw_et) - ignored
unrecognized parameter (isnoisy) - ignored
unrecognized parameter (p2) - ignored
unrecognized parameter (q2) - ignored

Warning: Model issue on line 0 :
  .model xcase0.xrlp:rbody_model r sw_et=0 isnoisy=0 rsh=    3.17388500000 ...
unrecognized parameter (sw_et) - ignored
unrecognized parameter (isnoisy) - ignored
unrecognized parameter (p2) - ignored
unrecognized parameter (q2) - ignored
unrecognized parameter (p3) - ignored
unrecognized parameter (q3) - ignored

Warning: Model issue on line 0 :
  .model xcase0.xrln:rhead_model r sw_et=0 isnoisy=0 rsh=    3.45831200000 ...
unrecognized parameter (sw_et) - ignored
unrecognized parameter (isnoisy) - ignored
unrecognized parameter (p2) - ignored
unrecognized parameter (q2) - ignored

Warning: Model issue on line 0 :
  .model xcase0.xrln:rbody_model r sw_et=0 isnoisy=0 rsh=    3.17388500000 ...
unrecognized parameter (sw_et) - ignored
unrecognized parameter (isnoisy) - ignored
unrecognized parameter (p2) - ignored
unrecognized parameter (q2) - ignored
unrecognized parameter (p3) - ignored
unrecognized parameter (q3) - ignored

Warning: Model issue on line 0 :
  .model xcase0.xrbias:rhead_model r sw_et=0 isnoisy=0 rsh=    3.458312000 ...
unrecognized parameter (sw_et) - ignored
unrecognized parameter (isnoisy) - ignored
unrecognized parameter (p2) - ignored
unrecognized parameter (q2) - ignored

Warning: Model issue on line 0 :
  .model xcase0.xrbias:rbody_model r sw_et=0 isnoisy=0 rsh=    3.173885000 ...
unrecognized parameter (sw_et) - ignored
unrecognized parameter (isnoisy) - ignored
unrecognized parameter (p2) - ignored
unrecognized parameter (q2) - ignored
unrecognized parameter (p3) - ignored
unrecognized parameter (q3) - ignored

Warning: Model issue on line 0 :
  .model xcase0.xrc_rmax:rhead_model r sw_et=0 isnoisy=0 rsh=    3.4583120 ...
unrecognized parameter (sw_et) - ignored
unrecognized parameter (isnoisy) - ignored
unrecognized parameter (p2) - ignored
unrecognized parameter (q2) - ignored

Warning: Model issue on line 0 :
  .model xcase0.xrc_rmax:rbody_model r sw_et=0 isnoisy=0 rsh=    3.1738850 ...
unrecognized parameter (sw_et) - ignored
unrecognized parameter (isnoisy) - ignored
unrecognized parameter (p2) - ignored
unrecognized parameter (q2) - ignored
unrecognized parameter (p3) - ignored
unrecognized parameter (q3) - ignored

Warning: Model issue on line 0 :
  .model xcase0.xrc_branch:rhead_model r sw_et=0 isnoisy=0 rsh=    3.45831 ...
unrecognized parameter (sw_et) - ignored
unrecognized parameter (isnoisy) - ignored
unrecognized parameter (p2) - ignored
unrecognized parameter (q2) - ignored

Warning: Model issue on line 0 :
  .model xcase0.xrc_branch:rbody_model r sw_et=0 isnoisy=0 rsh=    3.17388 ...
unrecognized parameter (sw_et) - ignored
unrecognized parameter (isnoisy) - ignored
unrecognized parameter (p2) - ignored
unrecognized parameter (q2) - ignored
unrecognized parameter (p3) - ignored
unrecognized parameter (q3) - ignored

Warning: Model issue on line 0 :
  .model xcase0.xrc_rfeed:rhead_model r sw_et=0 isnoisy=0 rsh=    3.458312 ...
unrecognized parameter (sw_et) - ignored
unrecognized parameter (isnoisy) - ignored
unrecognized parameter (p2) - ignored
unrecognized parameter (q2) - ignored

Warning: Model issue on line 0 :
  .model xcase0.xrc_rfeed:rbody_model r sw_et=0 isnoisy=0 rsh=    3.173885 ...
unrecognized parameter (sw_et) - ignored
unrecognized parameter (isnoisy) - ignored
unrecognized parameter (p2) - ignored
unrecognized parameter (q2) - ignored
unrecognized parameter (p3) - ignored
unrecognized parameter (q3) - ignored

Warning: Model issue on line 0 :
  .model xcase0.xrc_cfeed:rhead_model r sw_et=0 isnoisy=0 rsh=    3.458312 ...
unrecognized parameter (sw_et) - ignored
unrecognized parameter (isnoisy) - ignored
unrecognized parameter (p2) - ignored
unrecognized parameter (q2) - ignored

Warning: Model issue on line 0 :
  .model xcase0.xrc_cfeed:rbody_model r sw_et=0 isnoisy=0 rsh=    3.173885 ...
unrecognized parameter (sw_et) - ignored
unrecognized parameter (isnoisy) - ignored
unrecognized parameter (p2) - ignored
unrecognized parameter (q2) - ignored
unrecognized parameter (p3) - ignored
unrecognized parameter (q3) - ignored

Warning: Model issue on line 0 :
  .model xcase81.xatt_sp:rhead_model r sw_et=0 isnoisy=0 rsh=    3.4583120 ...
unrecognized parameter (sw_et) - ignored
unrecognized parameter (isnoisy) - ignored
unrecognized parameter (p2) - ignored
unrecognized parameter (q2) - ignored

Warning: Model issue on line 0 :
  .model xcase81.xatt_sp:rbody_model r sw_et=0 isnoisy=0 rsh=    3.1738850 ...
unrecognized parameter (sw_et) - ignored
unrecognized parameter (isnoisy) - ignored
unrecognized parameter (p2) - ignored
unrecognized parameter (q2) - ignored
unrecognized parameter (p3) - ignored
unrecognized parameter (q3) - ignored

Warning: Model issue on line 0 :
  .model xcase81.xatt_sn:rhead_model r sw_et=0 isnoisy=0 rsh=    3.4583120 ...
unrecognized parameter (sw_et) - ignored
unrecognized parameter (isnoisy) - ignored
unrecognized parameter (p2) - ignored
unrecognized parameter (q2) - ignored

Warning: Model issue on line 0 :
  .model xcase81.xatt_sn:rbody_model r sw_et=0 isnoisy=0 rsh=    3.1738850 ...
unrecognized parameter (sw_et) - ignored
unrecognized parameter (isnoisy) - ignored
unrecognized parameter (p2) - ignored
unrecognized parameter (q2) - ignored
unrecognized parameter (p3) - ignored
unrecognized parameter (q3) - ignored

Warning: Model issue on line 0 :
  .model xcase81.xatt_rp0:rhead_model r sw_et=0 isnoisy=0 rsh=    3.458312 ...
unrecognized parameter (sw_et) - ignored
unrecognized parameter (isnoisy) - ignored
unrecognized parameter (p2) - ignored
unrecognized parameter (q2) - ignored

Warning: Model issue on line 0 :
  .model xcase81.xatt_rp0:rbody_model r sw_et=0 isnoisy=0 rsh=    3.173885 ...
unrecognized parameter (sw_et) - ignored
unrecognized parameter (isnoisy) - ignored
unrecognized parameter (p2) - ignored
unrecognized parameter (q2) - ignored
unrecognized parameter (p3) - ignored
unrecognized parameter (q3) - ignored

Warning: Model issue on line 0 :
  .model xcase81.xatt_rn0:rhead_model r sw_et=0 isnoisy=0 rsh=    3.458312 ...
unrecognized parameter (sw_et) - ignored
unrecognized parameter (isnoisy) - ignored
unrecognized parameter (p2) - ignored
unrecognized parameter (q2) - ignored

Warning: Model issue on line 0 :
  .model xcase81.xatt_rn0:rbody_model r sw_et=0 isnoisy=0 rsh=    3.173885 ...
unrecognized parameter (sw_et) - ignored
unrecognized parameter (isnoisy) - ignored
unrecognized parameter (p2) - ignored
unrecognized parameter (q2) - ignored
unrecognized parameter (p3) - ignored
unrecognized parameter (q3) - ignored

Warning: Model issue on line 0 :
  .model xcase81.xatt_rp1:rhead_model r sw_et=0 isnoisy=0 rsh=    3.458312 ...
unrecognized parameter (sw_et) - ignored
unrecognized parameter (isnoisy) - ignored
unrecognized parameter (p2) - ignored
unrecognized parameter (q2) - ignored

Warning: Model issue on line 0 :
  .model xcase81.xatt_rp1:rbody_model r sw_et=0 isnoisy=0 rsh=    3.173885 ...
unrecognized parameter (sw_et) - ignored
unrecognized parameter (isnoisy) - ignored
unrecognized parameter (p2) - ignored
unrecognized parameter (q2) - ignored
unrecognized parameter (p3) - ignored
unrecognized parameter (q3) - ignored

Warning: Model issue on line 0 :
  .model xcase81.xatt_rn1:rhead_model r sw_et=0 isnoisy=0 rsh=    3.458312 ...
unrecognized parameter (sw_et) - ignored
unrecognized parameter (isnoisy) - ignored
unrecognized parameter (p2) - ignored
unrecognized parameter (q2) - ignored

Warning: Model issue on line 0 :
  .model xcase81.xatt_rn1:rbody_model r sw_et=0 isnoisy=0 rsh=    3.173885 ...
unrecognized parameter (sw_et) - ignored
unrecognized parameter (isnoisy) - ignored
unrecognized parameter (p2) - ignored
unrecognized parameter (q2) - ignored
unrecognized parameter (p3) - ignored
unrecognized parameter (q3) - ignored

Warning: Model issue on line 0 :
  .model xcase81.xatt_rp2:rhead_model r sw_et=0 isnoisy=0 rsh=    3.458312 ...
unrecognized parameter (sw_et) - ignored
unrecognized parameter (isnoisy) - ignored
unrecognized parameter (p2) - ignored
unrecognized parameter (q2) - ignored

Warning: Model issue on line 0 :
  .model xcase81.xatt_rp2:rbody_model r sw_et=0 isnoisy=0 rsh=    3.173885 ...
unrecognized parameter (sw_et) - ignored
unrecognized parameter (isnoisy) - ignored
unrecognized parameter (p2) - ignored
unrecognized parameter (q2) - ignored
unrecognized parameter (p3) - ignored
unrecognized parameter (q3) - ignored

Warning: Model issue on line 0 :
  .model xcase81.xatt_rn2:rhead_model r sw_et=0 isnoisy=0 rsh=    3.458312 ...
unrecognized parameter (sw_et) - ignored
unrecognized parameter (isnoisy) - ignored
unrecognized parameter (p2) - ignored
unrecognized parameter (q2) - ignored

Warning: Model issue on line 0 :
  .model xcase81.xatt_rn2:rbody_model r sw_et=0 isnoisy=0 rsh=    3.173885 ...
unrecognized parameter (sw_et) - ignored
unrecognized parameter (isnoisy) - ignored
unrecognized parameter (p2) - ignored
unrecognized parameter (q2) - ignored
unrecognized parameter (p3) - ignored
unrecognized parameter (q3) - ignored

Warning: Model issue on line 0 :
  .model xcase81.xrlp:rhead_model r sw_et=0 isnoisy=0 rsh=    3.4583120000 ...
unrecognized parameter (sw_et) - ignored
unrecognized parameter (isnoisy) - ignored
unrecognized parameter (p2) - ignored
unrecognized parameter (q2) - ignored

Warning: Model issue on line 0 :
  .model xcase81.xrlp:rbody_model r sw_et=0 isnoisy=0 rsh=    3.1738850000 ...
unrecognized parameter (sw_et) - ignored
unrecognized parameter (isnoisy) - ignored
unrecognized parameter (p2) - ignored
unrecognized parameter (q2) - ignored
unrecognized parameter (p3) - ignored
unrecognized parameter (q3) - ignored

Warning: Model issue on line 0 :
  .model xcase81.xrln:rhead_model r sw_et=0 isnoisy=0 rsh=    3.4583120000 ...
unrecognized parameter (sw_et) - ignored
unrecognized parameter (isnoisy) - ignored
unrecognized parameter (p2) - ignored
unrecognized parameter (q2) - ignored

Warning: Model issue on line 0 :
  .model xcase81.xrln:rbody_model r sw_et=0 isnoisy=0 rsh=    3.1738850000 ...
unrecognized parameter (sw_et) - ignored
unrecognized parameter (isnoisy) - ignored
unrecognized parameter (p2) - ignored
unrecognized parameter (q2) - ignored
unrecognized parameter (p3) - ignored
unrecognized parameter (q3) - ignored

Warning: Model issue on line 0 :
  .model xcase81.xrs:rhead_model r sw_et=0 isnoisy=0 rsh=    3.45831200000 ...
unrecognized parameter (sw_et) - ignored
unrecognized parameter (isnoisy) - ignored
unrecognized parameter (p2) - ignored
unrecognized parameter (q2) - ignored

Warning: Model issue on line 0 :
  .model xcase81.xrs:rbody_model r sw_et=0 isnoisy=0 rsh=    3.17388500000 ...
unrecognized parameter (sw_et) - ignored
unrecognized parameter (isnoisy) - ignored
unrecognized parameter (p2) - ignored
unrecognized parameter (q2) - ignored
unrecognized parameter (p3) - ignored
unrecognized parameter (q3) - ignored

Warning: Model issue on line 0 :
  .model xcase81.xrbias:rhead_model r sw_et=0 isnoisy=0 rsh=    3.45831200 ...
unrecognized parameter (sw_et) - ignored
unrecognized parameter (isnoisy) - ignored
unrecognized parameter (p2) - ignored
unrecognized parameter (q2) - ignored

Warning: Model issue on line 0 :
  .model xcase81.xrbias:rbody_model r sw_et=0 isnoisy=0 rsh=    3.17388500 ...
unrecognized parameter (sw_et) - ignored
unrecognized parameter (isnoisy) - ignored
unrecognized parameter (p2) - ignored
unrecognized parameter (q2) - ignored
unrecognized parameter (p3) - ignored
unrecognized parameter (q3) - ignored

Doing analysis at TEMP = 27.000000 and TNOM = 27.000000

 Reference value :  0.00000e+00
No. of Data Rows : 1
Doing analysis at TEMP = 27.000000 and TNOM = 27.000000


No. of Data Rows : 251
Doing analysis at TEMP = 27.000000 and TNOM = 27.000000


No. of Data Rows : 1
Doing analysis at TEMP = 27.000000 and TNOM = 27.000000


No. of Data Rows : 251
Doing analysis at TEMP = 27.000000 and TNOM = 27.000000


No. of Data Rows : 1
Doing analysis at TEMP = 27.000000 and TNOM = 27.000000


No. of Data Rows : 251
Doing analysis at TEMP = 27.000000 and TNOM = 27.000000


No. of Data Rows : 1
Doing analysis at TEMP = 27.000000 and TNOM = 27.000000


No. of Data Rows : 251
Doing analysis at TEMP = 27.000000 and TNOM = 27.000000


No. of Data Rows : 1
Doing analysis at TEMP = 27.000000 and TNOM = 27.000000


No. of Data Rows : 251
Doing analysis at TEMP = 27.000000 and TNOM = 27.000000


No. of Data Rows : 1
Doing analysis at TEMP = 27.000000 and TNOM = 27.000000


No. of Data Rows : 251
Doing analysis at TEMP = 27.000000 and TNOM = 27.000000


No. of Data Rows : 1
Doing analysis at TEMP = 27.000000 and TNOM = 27.000000


No. of Data Rows : 251
Doing analysis at TEMP = 27.000000 and TNOM = 27.000000


No. of Data Rows : 1
Doing analysis at TEMP = 27.000000 and TNOM = 27.000000


No. of Data Rows : 251
Doing analysis at TEMP = 27.000000 and TNOM = 27.000000


No. of Data Rows : 1
Doing analysis at TEMP = 27.000000 and TNOM = 27.000000


No. of Data Rows : 251
Doing analysis at TEMP = 27.000000 and TNOM = 27.000000


No. of Data Rows : 1
Doing analysis at TEMP = 27.000000 and TNOM = 27.000000


No. of Data Rows : 251
Doing analysis at TEMP = 27.000000 and TNOM = 27.000000


No. of Data Rows : 1
Doing analysis at TEMP = 27.000000 and TNOM = 27.000000


No. of Data Rows : 251
Doing analysis at TEMP = 27.000000 and TNOM = 27.000000


No. of Data Rows : 1
Doing analysis at TEMP = 27.000000 and TNOM = 27.000000


No. of Data Rows : 251
Doing analysis at TEMP = 27.000000 and TNOM = 27.000000


No. of Data Rows : 1
Doing analysis at TEMP = 27.000000 and TNOM = 27.000000

 Reference value :  6.02560e+08
No. of Data Rows : 251
Doing analysis at TEMP = 27.000000 and TNOM = 27.000000


No. of Data Rows : 1
Doing analysis at TEMP = 27.000000 and TNOM = 27.000000


No. of Data Rows : 251
Doing analysis at TEMP = 27.000000 and TNOM = 27.000000


No. of Data Rows : 1
Doing analysis at TEMP = 27.000000 and TNOM = 27.000000


No. of Data Rows : 251
Doing analysis at TEMP = 27.000000 and TNOM = 27.000000


No. of Data Rows : 1
Doing analysis at TEMP = 27.000000 and TNOM = 27.000000


No. of Data Rows : 251
Doing analysis at TEMP = 27.000000 and TNOM = 27.000000


No. of Data Rows : 1
Doing analysis at TEMP = 27.000000 and TNOM = 27.000000


No. of Data Rows : 251
Doing analysis at TEMP = 27.000000 and TNOM = 27.000000


No. of Data Rows : 1
Doing analysis at TEMP = 27.000000 and TNOM = 27.000000


No. of Data Rows : 251
Doing analysis at TEMP = 27.000000 and TNOM = 27.000000


No. of Data Rows : 1
Doing analysis at TEMP = 27.000000 and TNOM = 27.000000


No. of Data Rows : 251
Doing analysis at TEMP = 27.000000 and TNOM = 27.000000


No. of Data Rows : 1
Doing analysis at TEMP = 27.000000 and TNOM = 27.000000


No. of Data Rows : 251
Doing analysis at TEMP = 27.000000 and TNOM = 27.000000


No. of Data Rows : 1
Doing analysis at TEMP = 27.000000 and TNOM = 27.000000


No. of Data Rows : 251
Doing analysis at TEMP = 27.000000 and TNOM = 27.000000


No. of Data Rows : 1
Doing analysis at TEMP = 27.000000 and TNOM = 27.000000


No. of Data Rows : 251
Doing analysis at TEMP = 27.000000 and TNOM = 27.000000


No. of Data Rows : 1
Doing analysis at TEMP = 27.000000 and TNOM = 27.000000


No. of Data Rows : 251
Doing analysis at TEMP = 27.000000 and TNOM = 27.000000


No. of Data Rows : 1
Doing analysis at TEMP = 27.000000 and TNOM = 27.000000

 Reference value :  1.00000e+06
No. of Data Rows : 251
Doing analysis at TEMP = 27.000000 and TNOM = 27.000000


No. of Data Rows : 1
Doing analysis at TEMP = 27.000000 and TNOM = 27.000000


No. of Data Rows : 251
Doing analysis at TEMP = 27.000000 and TNOM = 27.000000


No. of Data Rows : 1
Doing analysis at TEMP = 27.000000 and TNOM = 27.000000


No. of Data Rows : 251
Doing analysis at TEMP = 27.000000 and TNOM = 27.000000


No. of Data Rows : 1
Doing analysis at TEMP = 27.000000 and TNOM = 27.000000


No. of Data Rows : 251
Doing analysis at TEMP = 27.000000 and TNOM = 27.000000


No. of Data Rows : 1
Doing analysis at TEMP = 27.000000 and TNOM = 27.000000


No. of Data Rows : 251
Doing analysis at TEMP = 27.000000 and TNOM = 27.000000


No. of Data Rows : 1
Doing analysis at TEMP = 27.000000 and TNOM = 27.000000


No. of Data Rows : 251
Doing analysis at TEMP = 27.000000 and TNOM = 27.000000


No. of Data Rows : 1
Doing analysis at TEMP = 27.000000 and TNOM = 27.000000


No. of Data Rows : 251
Doing analysis at TEMP = 27.000000 and TNOM = 27.000000


No. of Data Rows : 1
Doing analysis at TEMP = 27.000000 and TNOM = 27.000000


No. of Data Rows : 251
Doing analysis at TEMP = 27.000000 and TNOM = 27.000000


No. of Data Rows : 1
Doing analysis at TEMP = 27.000000 and TNOM = 27.000000


No. of Data Rows : 251
Doing analysis at TEMP = 27.000000 and TNOM = 27.000000


No. of Data Rows : 1
Doing analysis at TEMP = 27.000000 and TNOM = 27.000000


No. of Data Rows : 251
Doing analysis at TEMP = 27.000000 and TNOM = 27.000000

 Reference value :  0.00000e+00
No. of Data Rows : 1
Doing analysis at TEMP = 27.000000 and TNOM = 27.000000


No. of Data Rows : 251
Doing analysis at TEMP = 27.000000 and TNOM = 27.000000


No. of Data Rows : 1
Doing analysis at TEMP = 27.000000 and TNOM = 27.000000


No. of Data Rows : 251
Doing analysis at TEMP = 27.000000 and TNOM = 27.000000


No. of Data Rows : 1
Doing analysis at TEMP = 27.000000 and TNOM = 27.000000


No. of Data Rows : 251
Doing analysis at TEMP = 27.000000 and TNOM = 27.000000


No. of Data Rows : 1
Doing analysis at TEMP = 27.000000 and TNOM = 27.000000


No. of Data Rows : 251
Doing analysis at TEMP = 27.000000 and TNOM = 27.000000


No. of Data Rows : 1
Doing analysis at TEMP = 27.000000 and TNOM = 27.000000


No. of Data Rows : 251
Doing analysis at TEMP = 27.000000 and TNOM = 27.000000


No. of Data Rows : 1
Doing analysis at TEMP = 27.000000 and TNOM = 27.000000


No. of Data Rows : 251
Doing analysis at TEMP = 27.000000 and TNOM = 27.000000


No. of Data Rows : 1
Doing analysis at TEMP = 27.000000 and TNOM = 27.000000


No. of Data Rows : 251
Doing analysis at TEMP = 27.000000 and TNOM = 27.000000


No. of Data Rows : 1
Doing analysis at TEMP = 27.000000 and TNOM = 27.000000


No. of Data Rows : 251
Doing analysis at TEMP = 27.000000 and TNOM = 27.000000


No. of Data Rows : 1
Doing analysis at TEMP = 27.000000 and TNOM = 27.000000

 Reference value :  1.00000e+06
No. of Data Rows : 251
Doing analysis at TEMP = 27.000000 and TNOM = 27.000000


No. of Data Rows : 1
Doing analysis at TEMP = 27.000000 and TNOM = 27.000000


No. of Data Rows : 251
Doing analysis at TEMP = 27.000000 and TNOM = 27.000000


No. of Data Rows : 1
Doing analysis at TEMP = 27.000000 and TNOM = 27.000000


No. of Data Rows : 251
Doing analysis at TEMP = 27.000000 and TNOM = 27.000000


No. of Data Rows : 1
Doing analysis at TEMP = 27.000000 and TNOM = 27.000000


No. of Data Rows : 251
Doing analysis at TEMP = 27.000000 and TNOM = 27.000000


No. of Data Rows : 1
Doing analysis at TEMP = 27.000000 and TNOM = 27.000000


No. of Data Rows : 251
Doing analysis at TEMP = 27.000000 and TNOM = 27.000000


No. of Data Rows : 1
Doing analysis at TEMP = 27.000000 and TNOM = 27.000000


No. of Data Rows : 251
Doing analysis at TEMP = 27.000000 and TNOM = 27.000000


No. of Data Rows : 1
Doing analysis at TEMP = 27.000000 and TNOM = 27.000000


No. of Data Rows : 251
Doing analysis at TEMP = 27.000000 and TNOM = 27.000000


No. of Data Rows : 1
Doing analysis at TEMP = 27.000000 and TNOM = 27.000000


No. of Data Rows : 251
Doing analysis at TEMP = 27.000000 and TNOM = 27.000000


No. of Data Rows : 1
Doing analysis at TEMP = 27.000000 and TNOM = 27.000000

 Reference value :  1.14815e+07
No. of Data Rows : 251
Doing analysis at TEMP = 27.000000 and TNOM = 27.000000


No. of Data Rows : 1
Doing analysis at TEMP = 27.000000 and TNOM = 27.000000


No. of Data Rows : 251
Doing analysis at TEMP = 27.000000 and TNOM = 27.000000


No. of Data Rows : 1
Doing analysis at TEMP = 27.000000 and TNOM = 27.000000


No. of Data Rows : 251
Doing analysis at TEMP = 27.000000 and TNOM = 27.000000


No. of Data Rows : 1
Doing analysis at TEMP = 27.000000 and TNOM = 27.000000


No. of Data Rows : 251
Doing analysis at TEMP = 27.000000 and TNOM = 27.000000


No. of Data Rows : 1
Doing analysis at TEMP = 27.000000 and TNOM = 27.000000


No. of Data Rows : 251
Doing analysis at TEMP = 27.000000 and TNOM = 27.000000


No. of Data Rows : 1
Doing analysis at TEMP = 27.000000 and TNOM = 27.000000


No. of Data Rows : 251
Doing analysis at TEMP = 27.000000 and TNOM = 27.000000


No. of Data Rows : 1
Doing analysis at TEMP = 27.000000 and TNOM = 27.000000


No. of Data Rows : 251
Doing analysis at TEMP = 27.000000 and TNOM = 27.000000


No. of Data Rows : 1
Doing analysis at TEMP = 27.000000 and TNOM = 27.000000


No. of Data Rows : 251
Doing analysis at TEMP = 27.000000 and TNOM = 27.000000

 Reference value :  0.00000e+00
No. of Data Rows : 1
Doing analysis at TEMP = 27.000000 and TNOM = 27.000000


No. of Data Rows : 251
Doing analysis at TEMP = 27.000000 and TNOM = 27.000000


No. of Data Rows : 1
Doing analysis at TEMP = 27.000000 and TNOM = 27.000000


No. of Data Rows : 251
Doing analysis at TEMP = 27.000000 and TNOM = 27.000000


No. of Data Rows : 1
Doing analysis at TEMP = 27.000000 and TNOM = 27.000000


No. of Data Rows : 251
Doing analysis at TEMP = 27.000000 and TNOM = 27.000000


No. of Data Rows : 1
Doing analysis at TEMP = 27.000000 and TNOM = 27.000000


No. of Data Rows : 251
Doing analysis at TEMP = 27.000000 and TNOM = 27.000000


No. of Data Rows : 1
Doing analysis at TEMP = 27.000000 and TNOM = 27.000000


No. of Data Rows : 251
Doing analysis at TEMP = 27.000000 and TNOM = 27.000000


No. of Data Rows : 1
Doing analysis at TEMP = 27.000000 and TNOM = 27.000000


No. of Data Rows : 251
Doing analysis at TEMP = 27.000000 and TNOM = 27.000000


No. of Data Rows : 1
Doing analysis at TEMP = 27.000000 and TNOM = 27.000000

 Reference value :  3.80189e+09
No. of Data Rows : 251
Doing analysis at TEMP = 27.000000 and TNOM = 27.000000


No. of Data Rows : 1
Doing analysis at TEMP = 27.000000 and TNOM = 27.000000


No. of Data Rows : 251
Doing analysis at TEMP = 27.000000 and TNOM = 27.000000


No. of Data Rows : 1
Doing analysis at TEMP = 27.000000 and TNOM = 27.000000


No. of Data Rows : 251
Doing analysis at TEMP = 27.000000 and TNOM = 27.000000


No. of Data Rows : 1
Doing analysis at TEMP = 27.000000 and TNOM = 27.000000


No. of Data Rows : 251
Doing analysis at TEMP = 27.000000 and TNOM = 27.000000


No. of Data Rows : 1
Doing analysis at TEMP = 27.000000 and TNOM = 27.000000


No. of Data Rows : 251
Doing analysis at TEMP = 27.000000 and TNOM = 27.000000


No. of Data Rows : 1
Doing analysis at TEMP = 27.000000 and TNOM = 27.000000


No. of Data Rows : 251
Doing analysis at TEMP = 27.000000 and TNOM = 27.000000


No. of Data Rows : 1
Doing analysis at TEMP = 27.000000 and TNOM = 27.000000

 Reference value :  3.80189e+07
No. of Data Rows : 251
Doing analysis at TEMP = 27.000000 and TNOM = 27.000000


No. of Data Rows : 1
Doing analysis at TEMP = 27.000000 and TNOM = 27.000000


No. of Data Rows : 251
Doing analysis at TEMP = 27.000000 and TNOM = 27.000000


No. of Data Rows : 1
Doing analysis at TEMP = 27.000000 and TNOM = 27.000000


No. of Data Rows : 251
Doing analysis at TEMP = 27.000000 and TNOM = 27.000000


No. of Data Rows : 1
Doing analysis at TEMP = 27.000000 and TNOM = 27.000000


No. of Data Rows : 251
Doing analysis at TEMP = 27.000000 and TNOM = 27.000000


No. of Data Rows : 1
Doing analysis at TEMP = 27.000000 and TNOM = 27.000000

 Reference value :  1.00000e+06
No. of Data Rows : 251
Doing analysis at TEMP = 27.000000 and TNOM = 27.000000


No. of Data Rows : 1
Doing analysis at TEMP = 27.000000 and TNOM = 27.000000


No. of Data Rows : 251
Doing analysis at TEMP = 27.000000 and TNOM = 27.000000


No. of Data Rows : 1
Doing analysis at TEMP = 27.000000 and TNOM = 27.000000


No. of Data Rows : 251
Doing analysis at TEMP = 27.000000 and TNOM = 27.000000


No. of Data Rows : 1
Doing analysis at TEMP = 27.000000 and TNOM = 27.000000


No. of Data Rows : 251
Doing analysis at TEMP = 27.000000 and TNOM = 27.000000


No. of Data Rows : 1
Doing analysis at TEMP = 27.000000 and TNOM = 27.000000


No. of Data Rows : 251
Doing analysis at TEMP = 27.000000 and TNOM = 27.000000


No. of Data Rows : 1
Doing analysis at TEMP = 27.000000 and TNOM = 27.000000

 Reference value :  1.00000e+06
No. of Data Rows : 251
Doing analysis at TEMP = 27.000000 and TNOM = 27.000000


No. of Data Rows : 1
Doing analysis at TEMP = 27.000000 and TNOM = 27.000000


No. of Data Rows : 251
Doing analysis at TEMP = 27.000000 and TNOM = 27.000000


No. of Data Rows : 1
Doing analysis at TEMP = 27.000000 and TNOM = 27.000000


No. of Data Rows : 251
ngspice-41 done
