
Note: Compatibility modes selected: hs a


Circuit: * entry 122 cml master/slave; external differential clock, no feedback dac

option SCALE: Scale is set to 1e-06 for instance and model parameters
Doing analysis at TEMP = 125.000000 and TNOM = 27.000000


Initial Transient Solution
--------------------------

Node                                   Voltage
----                                   -------
vdd                                        1.8
clk                                        0.6
clkb                                       1.2
inp                                    1.21567
inn                                    1.26567
mn                                     1.67301
ma                                    0.406492
mp                                     1.62205
mb                                     1.16261
mtail                                 0.245068
nbias                                 0.875449
qb                                      1.6383
sa                                     1.20708
q                                       1.6366
sb                                     0.73518
stail                                  0.29434
xr_mp.rb                               1.73313
xr_mn.rb                               1.75228
xr_q.rb                                 1.7386
xr_qb.rb                               1.73924
xr_nbias.rb                            1.77216
vinn#branch                                  0
vinp#branch                                  0
vclkb#branch                                 0
vclk#branch                                  0
vdd#branch                        -0.000827723

 Reference value :  8.19500e-10
 Reference value :  4.22850e-09

No. of Data Rows : 8154
ngspice-41 done

Warning: Model issue on line 0 :
  .model xr_mp:rhead_model r sw_et=0 isnoisy=0 rsh=    3.458312000000000e+ ...
unrecognized parameter (sw_et) - ignored
unrecognized parameter (isnoisy) - ignored
unrecognized parameter (p2) - ignored
unrecognized parameter (q2) - ignored

Warning: Model issue on line 0 :
  .model xr_mp:rbody_model r sw_et=0 isnoisy=0 rsh=    3.173885000000000e+ ...
unrecognized parameter (sw_et) - ignored
unrecognized parameter (isnoisy) - ignored
unrecognized parameter (p2) - ignored
unrecognized parameter (q2) - ignored
unrecognized parameter (p3) - ignored
unrecognized parameter (q3) - ignored

Warning: Model issue on line 0 :
  .model xr_mn:rhead_model r sw_et=0 isnoisy=0 rsh=    3.458312000000000e+ ...
unrecognized parameter (sw_et) - ignored
unrecognized parameter (isnoisy) - ignored
unrecognized parameter (p2) - ignored
unrecognized parameter (q2) - ignored

Warning: Model issue on line 0 :
  .model xr_mn:rbody_model r sw_et=0 isnoisy=0 rsh=    3.173885000000000e+ ...
unrecognized parameter (sw_et) - ignored
unrecognized parameter (isnoisy) - ignored
unrecognized parameter (p2) - ignored
unrecognized parameter (q2) - ignored
unrecognized parameter (p3) - ignored
unrecognized parameter (q3) - ignored

Warning: Model issue on line 0 :
  .model xr_q:rhead_model r sw_et=0 isnoisy=0 rsh=    3.458312000000000e+0 ...
unrecognized parameter (sw_et) - ignored
unrecognized parameter (isnoisy) - ignored
unrecognized parameter (p2) - ignored
unrecognized parameter (q2) - ignored

Warning: Model issue on line 0 :
  .model xr_q:rbody_model r sw_et=0 isnoisy=0 rsh=    3.173885000000000e+0 ...
unrecognized parameter (sw_et) - ignored
unrecognized parameter (isnoisy) - ignored
unrecognized parameter (p2) - ignored
unrecognized parameter (q2) - ignored
unrecognized parameter (p3) - ignored
unrecognized parameter (q3) - ignored

Warning: Model issue on line 0 :
  .model xr_qb:rhead_model r sw_et=0 isnoisy=0 rsh=    3.458312000000000e+ ...
unrecognized parameter (sw_et) - ignored
unrecognized parameter (isnoisy) - ignored
unrecognized parameter (p2) - ignored
unrecognized parameter (q2) - ignored

Warning: Model issue on line 0 :
  .model xr_qb:rbody_model r sw_et=0 isnoisy=0 rsh=    3.173885000000000e+ ...
unrecognized parameter (sw_et) - ignored
unrecognized parameter (isnoisy) - ignored
unrecognized parameter (p2) - ignored
unrecognized parameter (q2) - ignored
unrecognized parameter (p3) - ignored
unrecognized parameter (q3) - ignored

Warning: Model issue on line 0 :
  .model xr_nbias:rhead_model r sw_et=0 isnoisy=0 rsh=    3.45831200000000 ...
unrecognized parameter (sw_et) - ignored
unrecognized parameter (isnoisy) - ignored
unrecognized parameter (p2) - ignored
unrecognized parameter (q2) - ignored

Warning: Model issue on line 0 :
  .model xr_nbias:rbody_model r sw_et=0 isnoisy=0 rsh=    3.17388500000000 ...
unrecognized parameter (sw_et) - ignored
unrecognized parameter (isnoisy) - ignored
unrecognized parameter (p2) - ignored
unrecognized parameter (q2) - ignored
unrecognized parameter (p3) - ignored
unrecognized parameter (q3) - ignored

