
Note: Compatibility modes selected: hs a


Circuit: * nebula sky130 sizing point (auto-generated; do not edit by hand)

option SCALE: Scale is set to 1e-06 for instance and model parameters
Doing analysis at TEMP = 0.000000 and TNOM = 27.000000

 Reference value :  0.00000e+00

No. of Data Rows : 1
v(p_bias) = 4.754284534682949e-01
@m.xbpref.msky130_fd_pr__pfet_01v8[id] = 2.312200561946861e-04
@m.xbpfeed.msky130_fd_pr__pfet_01v8[id] = 2.277860029063114e-04
@m.xm1.msky130_fd_pr__nfet_01v8[gm] = 1.169605309495563e-02
@m.xm1.msky130_fd_pr__nfet_01v8[gmbs] = 1.852142328919216e-03
@m.xm1.msky130_fd_pr__nfet_01v8[gds] = 2.387823470598806e-04
@m.xm1.msky130_fd_pr__nfet_01v8[vth] = 7.152714081054639e-01
@m.xm1.msky130_fd_pr__nfet_01v8[vds] = 9.070876060069215e-01
@m.xm1.msky130_fd_pr__nfet_01v8[vdsat] = 1.875945210652909e-01
@m.xm1.msky130_fd_pr__nfet_01v8[vgs] = 9.629205977882285e-01
@m.xm1.msky130_fd_pr__nfet_01v8[id] = 1.765385380928021e-03
v(outp) = 1.445189981514952e+00
v(s1) = 5.381023755080305e-01
i(vdd) = -3.98977684388201e-03
@m.xmt1.msky130_fd_pr__nfet_01v8[id] = 1.765385379824087e-03
@m.xmt1.msky130_fd_pr__nfet_01v8[vds] = 5.381023755080305e-01
@m.xmt1.msky130_fd_pr__nfet_01v8[vdsat] = 1.341819166260372e-01
@m.xmt1.msky130_fd_pr__nfet_01v8[vgs] = 7.484646586997030e-01
@m.xmt1.msky130_fd_pr__nfet_01v8[vth] = 5.976191401993503e-01
@m.xmt1.msky130_fd_pr__nfet_01v8[gm] = 2.089397002170896e-02
@m.xmr.msky130_fd_pr__nfet_01v8[id] = 2.277860036400395e-04
v(nbias) = 7.484646586997030e-01
Doing analysis at TEMP = 0.000000 and TNOM = 27.000000


No. of Data Rows : 251
g_dc                =  -1.104493e+00
g_nyq               =  2.922058e+00
g_pk                =  3.030472e+00 at=  1.995262e+09
g_top               =  -9.403568e+00
Doing analysis at TEMP = 0.000000 and TNOM = 27.000000

Warning: Source conductance reset to 1.0e3 mho.
Warning: Drain conductance reset to 1.0e3 mho.
Warning: Source conductance reset to 1.0e3 mho.
Warning: Drain conductance reset to 1.0e3 mho.
Warning: Source conductance reset to 1.0e3 mho.
Warning: Drain conductance reset to 1.0e3 mho.
Warning: Source conductance reset to 1.0e3 mho.
Warning: Drain conductance reset to 1.0e3 mho.
Warning: Source conductance reset to 1.0e3 mho.
Warning: Drain conductance reset to 1.0e3 mho.
Warning: Source conductance reset to 1.0e3 mho.
Warning: Drain conductance reset to 1.0e3 mho.
Warning: Source conductance reset to 1.0e3 mho.
Warning: Drain conductance reset to 1.0e3 mho.
Warning: Source conductance reset to 1.0e3 mho.
Warning: Drain conductance reset to 1.0e3 mho.
Warning: Source conductance reset to 1.0e3 mho.
Warning: Drain conductance reset to 1.0e3 mho.
Warning: Source conductance reset to 1.0e3 mho.
Warning: Drain conductance reset to 1.0e3 mho.
Warning: Source conductance reset to 1.0e3 mho.
Warning: Drain conductance reset to 1.0e3 mho.
Warning: Source conductance reset to 1.0e3 mho.
Warning: Drain conductance reset to 1.0e3 mho.
Warning: Source conductance reset to 1.0e3 mho.
Warning: Drain conductance reset to 1.0e3 mho.

No. of Data Rows : 54

No. of Data Rows : 1
inoise_total = 3.903555370100111e-04
ngspice-41 done

Warning: Model issue on line 0 :
  .model xatt_sp:rhead_model r sw_et=0 isnoisy=0 rsh=    3.458312000000000 ...
unrecognized parameter (sw_et) - ignored
unrecognized parameter (isnoisy) - ignored
unrecognized parameter (p2) - ignored
unrecognized parameter (q2) - ignored

Warning: Model issue on line 0 :
  .model xatt_sp:rbody_model r sw_et=0 isnoisy=0 rsh=    3.173885000000000 ...
unrecognized parameter (sw_et) - ignored
unrecognized parameter (isnoisy) - ignored
unrecognized parameter (p2) - ignored
unrecognized parameter (q2) - ignored
unrecognized parameter (p3) - ignored
unrecognized parameter (q3) - ignored

Warning: Model issue on line 0 :
  .model xatt_sn:rhead_model r sw_et=0 isnoisy=0 rsh=    3.458312000000000 ...
unrecognized parameter (sw_et) - ignored
unrecognized parameter (isnoisy) - ignored
unrecognized parameter (p2) - ignored
unrecognized parameter (q2) - ignored

Warning: Model issue on line 0 :
  .model xatt_sn:rbody_model r sw_et=0 isnoisy=0 rsh=    3.173885000000000 ...
unrecognized parameter (sw_et) - ignored
unrecognized parameter (isnoisy) - ignored
unrecognized parameter (p2) - ignored
unrecognized parameter (q2) - ignored
unrecognized parameter (p3) - ignored
unrecognized parameter (q3) - ignored

Warning: Model issue on line 0 :
  .model xatt_rp0:rhead_model r sw_et=0 isnoisy=0 rsh=    3.45831200000000 ...
unrecognized parameter (sw_et) - ignored
unrecognized parameter (isnoisy) - ignored
unrecognized parameter (p2) - ignored
unrecognized parameter (q2) - ignored

Warning: Model issue on line 0 :
  .model xatt_rp0:rbody_model r sw_et=0 isnoisy=0 rsh=    3.17388500000000 ...
unrecognized parameter (sw_et) - ignored
unrecognized parameter (isnoisy) - ignored
unrecognized parameter (p2) - ignored
unrecognized parameter (q2) - ignored
unrecognized parameter (p3) - ignored
unrecognized parameter (q3) - ignored

Warning: Model issue on line 0 :
  .model xatt_rn0:rhead_model r sw_et=0 isnoisy=0 rsh=    3.45831200000000 ...
unrecognized parameter (sw_et) - ignored
unrecognized parameter (isnoisy) - ignored
unrecognized parameter (p2) - ignored
unrecognized parameter (q2) - ignored

Warning: Model issue on line 0 :
  .model xatt_rn0:rbody_model r sw_et=0 isnoisy=0 rsh=    3.17388500000000 ...
unrecognized parameter (sw_et) - ignored
unrecognized parameter (isnoisy) - ignored
unrecognized parameter (p2) - ignored
unrecognized parameter (q2) - ignored
unrecognized parameter (p3) - ignored
unrecognized parameter (q3) - ignored

Warning: Model issue on line 0 :
  .model xatt_rp1:rhead_model r sw_et=0 isnoisy=0 rsh=    3.45831200000000 ...
unrecognized parameter (sw_et) - ignored
unrecognized parameter (isnoisy) - ignored
unrecognized parameter (p2) - ignored
unrecognized parameter (q2) - ignored

Warning: Model issue on line 0 :
  .model xatt_rp1:rbody_model r sw_et=0 isnoisy=0 rsh=    3.17388500000000 ...
unrecognized parameter (sw_et) - ignored
unrecognized parameter (isnoisy) - ignored
unrecognized parameter (p2) - ignored
unrecognized parameter (q2) - ignored
unrecognized parameter (p3) - ignored
unrecognized parameter (q3) - ignored

Warning: Model issue on line 0 :
  .model xatt_rn1:rhead_model r sw_et=0 isnoisy=0 rsh=    3.45831200000000 ...
unrecognized parameter (sw_et) - ignored
unrecognized parameter (isnoisy) - ignored
unrecognized parameter (p2) - ignored
unrecognized parameter (q2) - ignored

Warning: Model issue on line 0 :
  .model xatt_rn1:rbody_model r sw_et=0 isnoisy=0 rsh=    3.17388500000000 ...
unrecognized parameter (sw_et) - ignored
unrecognized parameter (isnoisy) - ignored
unrecognized parameter (p2) - ignored
unrecognized parameter (q2) - ignored
unrecognized parameter (p3) - ignored
unrecognized parameter (q3) - ignored

Warning: Model issue on line 0 :
  .model xatt_rp2:rhead_model r sw_et=0 isnoisy=0 rsh=    3.45831200000000 ...
unrecognized parameter (sw_et) - ignored
unrecognized parameter (isnoisy) - ignored
unrecognized parameter (p2) - ignored
unrecognized parameter (q2) - ignored

Warning: Model issue on line 0 :
  .model xatt_rp2:rbody_model r sw_et=0 isnoisy=0 rsh=    3.17388500000000 ...
unrecognized parameter (sw_et) - ignored
unrecognized parameter (isnoisy) - ignored
unrecognized parameter (p2) - ignored
unrecognized parameter (q2) - ignored
unrecognized parameter (p3) - ignored
unrecognized parameter (q3) - ignored

Warning: Model issue on line 0 :
  .model xatt_rn2:rhead_model r sw_et=0 isnoisy=0 rsh=    3.45831200000000 ...
unrecognized parameter (sw_et) - ignored
unrecognized parameter (isnoisy) - ignored
unrecognized parameter (p2) - ignored
unrecognized parameter (q2) - ignored

Warning: Model issue on line 0 :
  .model xatt_rn2:rbody_model r sw_et=0 isnoisy=0 rsh=    3.17388500000000 ...
unrecognized parameter (sw_et) - ignored
unrecognized parameter (isnoisy) - ignored
unrecognized parameter (p2) - ignored
unrecognized parameter (q2) - ignored
unrecognized parameter (p3) - ignored
unrecognized parameter (q3) - ignored

Warning: Model issue on line 0 :
  .model xrlp:rhead_model r sw_et=0 isnoisy=0 rsh=    3.458312000000000e+0 ...
unrecognized parameter (sw_et) - ignored
unrecognized parameter (isnoisy) - ignored
unrecognized parameter (p2) - ignored
unrecognized parameter (q2) - ignored

Warning: Model issue on line 0 :
  .model xrlp:rbody_model r sw_et=0 isnoisy=0 rsh=    3.173885000000000e+0 ...
unrecognized parameter (sw_et) - ignored
unrecognized parameter (isnoisy) - ignored
unrecognized parameter (p2) - ignored
unrecognized parameter (q2) - ignored
unrecognized parameter (p3) - ignored
unrecognized parameter (q3) - ignored

Warning: Model issue on line 0 :
  .model xrln:rhead_model r sw_et=0 isnoisy=0 rsh=    3.458312000000000e+0 ...
unrecognized parameter (sw_et) - ignored
unrecognized parameter (isnoisy) - ignored
unrecognized parameter (p2) - ignored
unrecognized parameter (q2) - ignored

Warning: Model issue on line 0 :
  .model xrln:rbody_model r sw_et=0 isnoisy=0 rsh=    3.173885000000000e+0 ...
unrecognized parameter (sw_et) - ignored
unrecognized parameter (isnoisy) - ignored
unrecognized parameter (p2) - ignored
unrecognized parameter (q2) - ignored
unrecognized parameter (p3) - ignored
unrecognized parameter (q3) - ignored

Warning: Model issue on line 0 :
  .model xrs:rhead_model r sw_et=0 isnoisy=0 rsh=    3.458312000000000e+02 ...
unrecognized parameter (sw_et) - ignored
unrecognized parameter (isnoisy) - ignored
unrecognized parameter (p2) - ignored
unrecognized parameter (q2) - ignored

Warning: Model issue on line 0 :
  .model xrs:rbody_model r sw_et=0 isnoisy=0 rsh=    3.173885000000000e+02 ...
unrecognized parameter (sw_et) - ignored
unrecognized parameter (isnoisy) - ignored
unrecognized parameter (p2) - ignored
unrecognized parameter (q2) - ignored
unrecognized parameter (p3) - ignored
unrecognized parameter (q3) - ignored

Warning: Model issue on line 0 :
  .model xrbias:rhead_model r sw_et=0 isnoisy=0 rsh=    3.458312000000000e ...
unrecognized parameter (sw_et) - ignored
unrecognized parameter (isnoisy) - ignored
unrecognized parameter (p2) - ignored
unrecognized parameter (q2) - ignored

Warning: Model issue on line 0 :
  .model xrbias:rbody_model r sw_et=0 isnoisy=0 rsh=    3.173885000000000e ...
unrecognized parameter (sw_et) - ignored
unrecognized parameter (isnoisy) - ignored
unrecognized parameter (p2) - ignored
unrecognized parameter (q2) - ignored
unrecognized parameter (p3) - ignored
unrecognized parameter (q3) - ignored

